Component: Arm Compiler for Embedded 6.22 Tool: armlink [5ee90200]

==============================================================================

Section Cross References

    main.o(.text.main) refers to gpio.o(.text.RGB_LED_Init) for RGB_LED_Init
    main.o(.text.main) refers to main.o(.text.PMOD_BTN_Handler) for PMOD_BTN_Handler
    main.o(.text.main) refers to pmod_btn_interrupt.o(.text.PMOD_BTN_Interrupt_Init) for PMOD_BTN_Interrupt_Init
    main.o(.text.main) refers to systick_delay.o(.text.SysTick_Delay_Init) for SysTick_Delay_Init
    main.o(.text.main) refers to pwm.o(.text.PWM_Clock_Init) for PWM_Clock_Init
    main.o(.text.main) refers to edubase_lcd.o(.text.EduBase_LCD_Init) for EduBase_LCD_Init
    main.o(.text.main) refers to edubase_lcd.o(.text.EduBase_LCD_Clear_Display) for EduBase_LCD_Clear_Display
    main.o(.text.main) refers to main.o(.text.UpdateLCDStatus) for UpdateLCDStatus
    main.o(.text.main) refers to pwm.o(.text.PWM0_0_Init) for PWM0_0_Init
    main.o(.text.main) refers to pwm.o(.text.PWM1_0_Init) for PWM1_0_Init
    main.o(.text.main) refers to pwm.o(.text.PWM1_3_Init) for PWM1_3_Init
    main.o(.text.main) refers to pwm.o(.text.PWM0_3_Init) for PWM0_3_Init
    main.o(.text.main) refers to midi-tune.o(.data.midi_tune) for midi_tune
    main.o(.text.main) refers to main.o(.data.trackStates_) for trackStates_
    main.o(.text.main) refers to main.o(.text.ProcessTracks) for ProcessTracks
    main.o(.text.main) refers to main.o(.bss.lcd_needs_update) for lcd_needs_update
    main.o(.ARM.exidx.text.main) refers to main.o(.text.main) for [Anonymous Symbol]
    main.o(.text.PMOD_BTN_Handler) refers to systick_delay.o(.text.GetTick) for GetTick
    main.o(.text.PMOD_BTN_Handler) refers to midi-tune.o(.data.midi_tune) for midi_tune
    main.o(.text.PMOD_BTN_Handler) refers to main.o(.data.trackStates_) for trackStates_
    main.o(.text.PMOD_BTN_Handler) refers to main.o(.bss.isPlaying_) for isPlaying_
    main.o(.text.PMOD_BTN_Handler) refers to pwm.o(.text.PWM_Disable) for PWM_Disable
    main.o(.text.PMOD_BTN_Handler) refers to gpio.o(.rodata.RGB_LED_BLUE) for RGB_LED_BLUE
    main.o(.text.PMOD_BTN_Handler) refers to gpio.o(.text.RGB_LED_Output) for RGB_LED_Output
    main.o(.text.PMOD_BTN_Handler) refers to gpio.o(.rodata.RGB_LED_RED) for RGB_LED_RED
    main.o(.text.PMOD_BTN_Handler) refers to gpio.o(.rodata.RGB_LED_OFF) for RGB_LED_OFF
    main.o(.text.PMOD_BTN_Handler) refers to main.o(.bss.lcd_needs_update) for lcd_needs_update
    main.o(.ARM.exidx.text.PMOD_BTN_Handler) refers to main.o(.text.PMOD_BTN_Handler) for [Anonymous Symbol]
    main.o(.text.UpdateLCDStatus) refers to edubase_lcd.o(.text.EduBase_LCD_Set_Cursor) for EduBase_LCD_Set_Cursor
    main.o(.text.UpdateLCDStatus) refers to main.o(.rodata.str1.1) for .L.str
    main.o(.text.UpdateLCDStatus) refers to edubase_lcd.o(.text.EduBase_LCD_Display_String) for EduBase_LCD_Display_String
    main.o(.text.UpdateLCDStatus) refers to main.o(.bss.isPlaying_) for isPlaying_
    main.o(.ARM.exidx.text.UpdateLCDStatus) refers to main.o(.text.UpdateLCDStatus) for [Anonymous Symbol]
    main.o(.text.ProcessTracks) refers to systick_delay.o(.text.GetTick) for GetTick
    main.o(.text.ProcessTracks) refers to midi-tune.o(.data.midi_tune) for midi_tune
    main.o(.text.ProcessTracks) refers to main.o(.data.trackStates_) for trackStates_
    main.o(.text.ProcessTracks) refers to pwm.o(.text.PWM_Disable) for PWM_Disable
    main.o(.text.ProcessTracks) refers to midi.o(.rodata.Midi_NotePwmPeriods) for Midi_NotePwmPeriods
    main.o(.text.ProcessTracks) refers to pwm.o(.text.PWM0_0_Init) for PWM0_0_Init
    main.o(.text.ProcessTracks) refers to pwm.o(.text.PWM0_3_Init) for PWM0_3_Init
    main.o(.text.ProcessTracks) refers to pwm.o(.text.PWM1_0_Init) for PWM1_0_Init
    main.o(.text.ProcessTracks) refers to pwm.o(.text.PWM1_3_Init) for PWM1_3_Init
    main.o(.ARM.exidx.text.ProcessTracks) refers to main.o(.text.ProcessTracks) for [Anonymous Symbol]
    gpio.o(.ARM.exidx.text.RGB_LED_Init) refers to gpio.o(.text.RGB_LED_Init) for [Anonymous Symbol]
    gpio.o(.ARM.exidx.text.RGB_LED_Output) refers to gpio.o(.text.RGB_LED_Output) for [Anonymous Symbol]
    gpio.o(.ARM.exidx.text.RGB_LED_Status) refers to gpio.o(.text.RGB_LED_Status) for [Anonymous Symbol]
    pmod_btn_interrupt.o(.text.PMOD_BTN_Interrupt_Init) refers to pmod_btn_interrupt.o(.bss.PMOD_BTN_Task) for PMOD_BTN_Task
    pmod_btn_interrupt.o(.ARM.exidx.text.PMOD_BTN_Interrupt_Init) refers to pmod_btn_interrupt.o(.text.PMOD_BTN_Interrupt_Init) for [Anonymous Symbol]
    pmod_btn_interrupt.o(.ARM.exidx.text.PMOD_BTN_Read) refers to pmod_btn_interrupt.o(.text.PMOD_BTN_Read) for [Anonymous Symbol]
    pmod_btn_interrupt.o(.text.GPIOE_Handler) refers to pmod_btn_interrupt.o(.bss.PMOD_BTN_Task) for PMOD_BTN_Task
    pmod_btn_interrupt.o(.text.GPIOE_Handler) refers to pmod_btn_interrupt.o(.text.PMOD_BTN_Read) for PMOD_BTN_Read
[...]
    btod.o(CL$$btod_d2e) refers (Special) to usenofp.o(x$fpl$usenofp) for __I$use$fp
    btod.o(CL$$btod_d2e) refers to btod.o(CL$$btod_d2e_norm_op1) for _d2e_norm_op1
    btod.o(CL$$btod_d2e_norm_op1) refers (Special) to usenofp.o(x$fpl$usenofp) for __I$use$fp
    btod.o(CL$$btod_d2e_norm_op1) refers to btod.o(CL$$btod_d2e_denorm_low) for _d2e_denorm_low
    btod.o(CL$$btod_d2e_denorm_low) refers (Special) to usenofp.o(x$fpl$usenofp) for __I$use$fp
    btod.o(CL$$btod_emul) refers (Special) to usenofp.o(x$fpl$usenofp) for __I$use$fp
    btod.o(CL$$btod_emul) refers to btod.o(CL$$btod_mult_common) for __btod_mult_common
    btod.o(CL$$btod_emul) refers to btod.o(CL$$btod_e2e) for _e2e
    btod.o(CL$$btod_ediv) refers (Special) to usenofp.o(x$fpl$usenofp) for __I$use$fp
    btod.o(CL$$btod_ediv) refers to btod.o(CL$$btod_div_common) for __btod_div_common
    btod.o(CL$$btod_ediv) refers to btod.o(CL$$btod_e2e) for _e2e
    btod.o(CL$$btod_emuld) refers (Special) to usenofp.o(x$fpl$usenofp) for __I$use$fp
    btod.o(CL$$btod_emuld) refers to btod.o(CL$$btod_mult_common) for __btod_mult_common
    btod.o(CL$$btod_emuld) refers to btod.o(CL$$btod_e2d) for _e2d
    btod.o(CL$$btod_edivd) refers (Special) to usenofp.o(x$fpl$usenofp) for __I$use$fp
    btod.o(CL$$btod_edivd) refers to btod.o(CL$$btod_div_common) for __btod_div_common
    btod.o(CL$$btod_edivd) refers to btod.o(CL$$btod_e2d) for _e2d
    btod.o(CL$$btod_e2e) refers (Special) to usenofp.o(x$fpl$usenofp) for __I$use$fp
    btod.o(CL$$btod_e2d) refers (Special) to usenofp.o(x$fpl$usenofp) for __I$use$fp
    btod.o(CL$$btod_e2d) refers to btod.o(CL$$btod_e2e) for _e2e
    btod.o(CL$$btod_mult_common) refers (Special) to usenofp.o(x$fpl$usenofp) for __I$use$fp
    btod.o(CL$$btod_div_common) refers (Special) to usenofp.o(x$fpl$usenofp) for __I$use$fp
    btod_accurate.o(.text) refers to btod_accurate_common.o(.text) for _btod_common
    lc_numeric_c.o(locale$$data) refers (Special) to libinit2.o(.ARM.Collect$$libinit$$00000018) for __rt_lib_init_lc_numeric_2
    lc_numeric_c.o(locale$$code) refers (Special) to libinit2.o(.ARM.Collect$$libinit$$00000018) for __rt_lib_init_lc_numeric_2
    lc_numeric_c.o(locale$$code) refers to strcmpv7em.o(.text) for strcmp
    lc_numeric_c.o(locale$$code) refers to lc_numeric_c.o(locale$$data) for __lcnum_c_name
    exit.o(.text) refers to rtexit.o(.ARM.Collect$$rtexit$$00000000) for __rt_exit
    libinit.o(.ARM.Collect$$libinit$$00000000) refers (Special) to libinit2.o(.ARM.Collect$$libinit$$00000030) for __rt_lib_init_alloca_1
    libinit.o(.ARM.Collect$$libinit$$00000000) refers (Special) to libinit2.o(.ARM.Collect$$libinit$$0000002E) for __rt_lib_init_argv_1
    libinit.o(.ARM.Collect$$libinit$$00000000) refers (Special) to libinit2.o(.ARM.Collect$$libinit$$0000001D) for __rt_lib_init_atexit_1
    libinit.o(.ARM.Collect$$libinit$$00000000) refers (Special) to libinit2.o(.ARM.Collect$$libinit$$00000023) for __rt_lib_init_clock_1
    libinit.o(.ARM.Collect$$libinit$$00000000) refers (Special) to libinit2.o(.ARM.Collect$$libinit$$00000034) for __rt_lib_init_cpp_1
    libinit.o(.ARM.Collect$$libinit$$00000000) refers (Special) to libinit2.o(.ARM.Collect$$libinit$$00000032) for __rt_lib_init_exceptions_1
    libinit.o(.ARM.Collect$$libinit$$00000000) refers (Special) to libinit2.o(.ARM.Collect$$libinit$$00000001) for __rt_lib_init_fp_1
    libinit.o(.ARM.Collect$$libinit$$00000000) refers (Special) to libinit2.o(.ARM.Collect$$libinit$$00000021) for __rt_lib_init_fp_trap_1
    libinit.o(.ARM.Collect$$libinit$$00000000) refers (Special) to libinit2.o(.ARM.Collect$$libinit$$00000025) for __rt_lib_init_getenv_1
    libinit.o(.ARM.Collect$$libinit$$00000000) refers (Special) to libinit2.o(.ARM.Collect$$libinit$$0000000C) for __rt_lib_init_heap_1
    libinit.o(.ARM.Collect$$libinit$$00000000) refers (Special) to libinit2.o(.ARM.Collect$$libinit$$00000013) for __rt_lib_init_lc_collate_1
    libinit.o(.ARM.Collect$$libinit$$00000000) refers (Special) to libinit2.o(.ARM.Collect$$libinit$$00000015) for __rt_lib_init_lc_ctype_1
    libinit.o(.ARM.Collect$$libinit$$00000000) refers (Special) to libinit2.o(.ARM.Collect$$libinit$$00000017) for __rt_lib_init_lc_monetary_1
    libinit.o(.ARM.Collect$$libinit$$00000000) refers (Special) to libinit2.o(.ARM.Collect$$libinit$$00000019) for __rt_lib_init_lc_numeric_1
    libinit.o(.ARM.Collect$$libinit$$00000000) refers (Special) to libinit2.o(.ARM.Collect$$libinit$$0000001B) for __rt_lib_init_lc_time_1
    libinit.o(.ARM.Collect$$libinit$$00000000) refers (Special) to libinit2.o(.ARM.Collect$$libinit$$00000006) for __rt_lib_init_preinit_1
    libinit.o(.ARM.Collect$$libinit$$00000000) refers (Special) to libinit2.o(.ARM.Collect$$libinit$$00000010) for __rt_lib_init_rand_1
    libinit.o(.ARM.Collect$$libinit$$00000000) refers (Special) to libinit2.o(.ARM.Collect$$libinit$$00000004) for __rt_lib_init_relocate_pie_1
    libinit.o(.ARM.Collect$$libinit$$00000000) refers (Special) to libinit2.o(.ARM.Collect$$libinit$$00000035) for __rt_lib_init_return
    libinit.o(.ARM.Collect$$libinit$$00000000) refers (Special) to libinit2.o(.ARM.Collect$$libinit$$0000001F) for __rt_lib_init_signal_1
    libinit.o(.ARM.Collect$$libinit$$00000000) refers (Special) to libinit2.o(.ARM.Collect$$libinit$$00000027) for __rt_lib_init_stdio_1
    libinit.o(.ARM.Collect$$libinit$$00000000) refers (Special) to libinit2.o(.ARM.Collect$$libinit$$0000000E) for __rt_lib_init_user_alloc_1
    istatus.o(x$fpl$ieeestatus) refers (Special) to usenofp.o(x$fpl$usenofp) for __I$use$fp
    fpclassify.o(i.__ARM_fpclassify) refers (Special) to usenofp.o(x$fpl$usenofp) for __I$use$fp
    libspace.o(.text) refers to libspace.o(.bss) for __libspace_start
    rtexit.o(.ARM.Collect$$rtexit$$00000000) refers (Special) to rtexit2.o(.ARM.Collect$$rtexit$$00000004) for __rt_exit_exit
    rtexit.o(.ARM.Collect$$rtexit$$00000000) refers (Special) to rtexit2.o(.ARM.Collect$$rtexit$$00000003) for __rt_exit_ls
    rtexit.o(.ARM.Collect$$rtexit$$00000000) refers (Special) to rtexit2.o(.ARM.Collect$$rtexit$$00000002) for __rt_exit_prels_1
    rtexit.o(.ARM.exidx) refers (Special) to rtexit2.o(.ARM.Collect$$rtexit$$00000004) for __rt_exit_exit
    rtexit.o(.ARM.exidx) refers (Special) to rtexit2.o(.ARM.Collect$$rtexit$$00000003) for __rt_exit_ls
    rtexit.o(.ARM.exidx) refers (Special) to rtexit2.o(.ARM.Collect$$rtexit$$00000002) for __rt_exit_prels_1
    rtexit.o(.ARM.exidx) refers to rtexit.o(.ARM.Collect$$rtexit$$00000000) for .ARM.Collect$$rtexit$$00000000
    btod_accurate_common.o(.text) refers to llushr.o(.text) for __aeabi_llsr
    lc_ctype_c.o(locale$$data) refers (Special) to libinit2.o(.ARM.Collect$$libinit$$00000014) for __rt_lib_init_lc_ctype_2
    lc_ctype_c.o(locale$$code) refers (Special) to libinit2.o(.ARM.Collect$$libinit$$00000014) for __rt_lib_init_lc_ctype_2
    lc_ctype_c.o(locale$$code) refers to strcmpv7em.o(.text) for strcmp
    lc_ctype_c.o(locale$$code) refers to lc_ctype_c.o(locale$$data) for __lcctype_c_name
    libinit2.o(.ARM.Collect$$libinit$$00000001) refers to fpinit.o(x$fpl$fpinit) for _fp_init
    libinit2.o(.ARM.Collect$$libinit$$00000011) refers (Weak) to rt_locale_intlibspace.o(.text) for __rt_locale
    libinit2.o(.ARM.Collect$$libinit$$00000012) refers to libinit2.o(.ARM.Collect$$libinit$$00000011) for .ARM.Collect$$libinit$$00000011
    libinit2.o(.ARM.Collect$$libinit$$00000014) refers to libinit2.o(.ARM.Collect$$libinit$$00000011) for .ARM.Collect$$libinit$$00000011
    libinit2.o(.ARM.Collect$$libinit$$00000014) refers (Weak) to lc_ctype_c.o(locale$$code) for _get_lc_ctype
    libinit2.o(.ARM.Collect$$libinit$$00000016) refers to libinit2.o(.ARM.Collect$$libinit$$00000011) for .ARM.Collect$$libinit$$00000011
    libinit2.o(.ARM.Collect$$libinit$$00000018) refers to libinit2.o(.ARM.Collect$$libinit$$00000011) for .ARM.Collect$$libinit$$00000011
    libinit2.o(.ARM.Collect$$libinit$$00000018) refers (Weak) to lc_numeric_c.o(locale$$code) for _get_lc_numeric
    libinit2.o(.ARM.Collect$$libinit$$0000001A) refers to libinit2.o(.ARM.Collect$$libinit$$00000011) for .ARM.Collect$$libinit$$00000011
    libinit2.o(.ARM.Collect$$libinit$$00000028) refers to argv_veneer.o(.emb_text) for __ARM_argv_veneer
    libinit2.o(.ARM.Collect$$libinit$$00000029) refers to argv_veneer.o(.emb_text) for __ARM_argv_veneer
    rtexit2.o(.ARM.Collect$$rtexit$$00000003) refers to libshutdown.o(.ARM.Collect$$libshutdown$$00000000) for __rt_lib_shutdown
    rtexit2.o(.ARM.Collect$$rtexit$$00000004) refers to sys_exit.o(.text) for _sys_exit
    rtexit2.o(.ARM.exidx) refers to rtexit2.o(.ARM.Collect$$rtexit$$00000001) for .ARM.Collect$$rtexit$$00000001
    rtexit2.o(.ARM.exidx) refers to rtexit2.o(.ARM.Collect$$rtexit$$00000003) for .ARM.Collect$$rtexit$$00000003
    rtexit2.o(.ARM.exidx) refers to rtexit2.o(.ARM.Collect$$rtexit$$00000004) for .ARM.Collect$$rtexit$$00000004
    argv_veneer.o(.emb_text) refers to no_argv.o(.text) for __ARM_get_argv
    sys_exit.o(.text) refers (Special) to use_no_semi.o(.text) for __I$use$semihosting
    sys_exit.o(.text) refers (Special) to indicate_semi.o(.text) for __semihosting_library_function
    sys_exit_hlt.o(.text) refers (Special) to use_no_semi.o(.text) for __I$use$semihosting
    sys_exit_hlt.o(.text) refers (Special) to indicate_semi.o(.text) for __semihosting_library_function
    _get_argv_nomalloc.o(.text) refers (Special) to hrguard.o(.text) for __heap_region$guard
    _get_argv_nomalloc.o(.text) refers to defsig_rtmem_outer.o(.text) for __rt_SIGRTMEM
    _get_argv_nomalloc.o(.text) refers to sys_command.o(.text) for _sys_command_string
    libshutdown.o(.ARM.Collect$$libshutdown$$00000000) refers (Special) to libshutdown2.o(.ARM.Collect$$libshutdown$$00000002) for __rt_lib_shutdown_cpp_1
    libshutdown.o(.ARM.Collect$$libshutdown$$00000000) refers (Special) to libshutdown2.o(.ARM.Collect$$libshutdown$$00000007) for __rt_lib_shutdown_fp_trap_1
    libshutdown.o(.ARM.Collect$$libshutdown$$00000000) refers (Special) to libshutdown2.o(.ARM.Collect$$libshutdown$$0000000F) for __rt_lib_shutdown_heap_1
    libshutdown.o(.ARM.Collect$$libshutdown$$00000000) refers (Special) to libshutdown2.o(.ARM.Collect$$libshutdown$$00000010) for __rt_lib_shutdown_return
    libshutdown.o(.ARM.Collect$$libshutdown$$00000000) refers (Special) to libshutdown2.o(.ARM.Collect$$libshutdown$$0000000A) for __rt_lib_shutdown_signal_1
    libshutdown.o(.ARM.Collect$$libshutdown$$00000000) refers (Special) to libshutdown2.o(.ARM.Collect$$libshutdown$$00000004) for __rt_lib_shutdown_stdio_1
    libshutdown.o(.ARM.Collect$$libshutdown$$00000000) refers (Special) to libshutdown2.o(.ARM.Collect$$libshutdown$$0000000C) for __rt_lib_shutdown_user_alloc_1
    sys_command.o(.text) refers (Special) to use_no_semi.o(.text) for __I$use$semihosting
    sys_command.o(.text) refers (Special) to indicate_semi.o(.text) for __semihosting_library_function
    sys_command_hlt.o(.text) refers (Special) to use_no_semi.o(.text) for __I$use$semihosting
    sys_command_hlt.o(.text) refers (Special) to indicate_semi.o(.text) for __semihosting_library_function
    defsig_rtmem_outer.o(.text) refers to defsig_rtmem_inner.o(.text) for __rt_SIGRTMEM_inner
    defsig_rtmem_outer.o(.text) refers to defsig_exit.o(.text) for __sig_exit
    defsig_rtmem_formal.o(.text) refers to rt_raise.o(.text) for __rt_raise
    rt_raise.o(.text) refers to __raise.o(.text) for __raise
    rt_raise.o(.text) refers to sys_exit.o(.text) for _sys_exit
    defsig_exit.o(.text) refers to sys_exit.o(.text) for _sys_exit
    defsig_rtmem_inner.o(.text) refers to defsig_general.o(.text) for __default_signal_display
    __raise.o(.text) refers to defsig.o(CL$$defsig) for __default_signal_handler
    defsig_general.o(.text) refers to sys_wrch.o(.text) for _ttywrch
    sys_wrch.o(.text) refers (Special) to use_no_semi.o(.text) for __I$use$semihosting
    sys_wrch.o(.text) refers (Special) to indicate_semi.o(.text) for __semihosting_library_function
    sys_wrch_hlt.o(.text) refers (Special) to use_no_semi.o(.text) for __I$use$semihosting
    sys_wrch_hlt.o(.text) refers (Special) to indicate_semi.o(.text) for __semihosting_library_function
    defsig.o(CL$$defsig) refers to defsig_rtmem_inner.o(.text) for __rt_SIGRTMEM_inner
    defsig_abrt_inner.o(.text) refers to defsig_general.o(.text) for __default_signal_display
    defsig_fpe_inner.o(.text) refers to defsig_general.o(.text) for __default_signal_display
    defsig_rtred_inner.o(.text) refers to defsig_general.o(.text) for __default_signal_display
    defsig_stak_inner.o(.text) refers to defsig_general.o(.text) for __default_signal_display
    defsig_pvfn_inner.o(.text) refers to defsig_general.o(.text) for __default_signal_display
    defsig_cppl_inner.o(.text) refers to defsig_general.o(.text) for __default_signal_display
    defsig_segv_inner.o(.text) refers to defsig_general.o(.text) for __default_signal_display
    defsig_other.o(.text) refers to defsig_general.o(.text) for __default_signal_display


==============================================================================

Removing Unused input sections from the image.

    Removing main.o(.text), (0 bytes).
    Removing main.o(.ARM.exidx.text.main), (8 bytes).
    Removing main.o(.ARM.exidx.text.PMOD_BTN_Handler), (8 bytes).
    Removing main.o(.ARM.exidx.text.UpdateLCDStatus), (8 bytes).
    Removing main.o(.ARM.exidx.text.ProcessTracks), (8 bytes).
    Removing main.o(.ARM.use_no_argv), (4 bytes).
    Removing gpio.o(.text), (0 bytes).
    Removing gpio.o(.ARM.exidx.text.RGB_LED_Init), (8 bytes).
    Removing gpio.o(.ARM.exidx.text.RGB_LED_Output), (8 bytes).
    Removing gpio.o(.text.RGB_LED_Status), (28 bytes).
    Removing gpio.o(.ARM.exidx.text.RGB_LED_Status), (8 bytes).
    Removing gpio.o(.rodata.RGB_LED_GREEN), (1 bytes).
    Removing gpio.o(.rodata.EDUBASE_LED_ALL_OFF), (1 bytes).
    Removing gpio.o(.rodata.EDUBASE_LED_ALL_ON), (1 bytes).
    Removing pmod_btn_interrupt.o(.text), (0 bytes).
    Removing pmod_btn_interrupt.o(.ARM.exidx.text.PMOD_BTN_Interrupt_Init), (8 bytes).
    Removing pmod_btn_interrupt.o(.ARM.exidx.text.PMOD_BTN_Read), (8 bytes).
    Removing pmod_btn_interrupt.o(.ARM.exidx.text.GPIOE_Handler), (8 bytes).
    Removing systick_delay.o(.text), (0 bytes).
    Removing systick_delay.o(.ARM.exidx.text.SysTick_Delay_Init), (8 bytes).
    Removing systick_delay.o(.ARM.exidx.text.SysTick_Delay1us), (8 bytes).
    Removing systick_delay.o(.text.SysTick_Delay1ms), (76 bytes).
    Removing systick_delay.o(.ARM.exidx.text.SysTick_Delay1ms), (8 bytes).
    Removing systick_delay.o(.ARM.exidx.text.SysTick_Handler), (8 bytes).
    Removing systick_delay.o(.ARM.exidx.text.GetTick), (8 bytes).
    Removing pwm.o(.text), (0 bytes).
    Removing pwm.o(.ARM.exidx.text.PWM_Clock_Init), (8 bytes).
    Removing pwm.o(.ARM.exidx.text.PWM0_0_Init), (8 bytes).
    Removing pwm.o(.text.PWM0_0_Update_Duty_Cycle), (26 bytes).
    Removing pwm.o(.ARM.exidx.text.PWM0_0_Update_Duty_Cycle), (8 bytes).
    Removing pwm.o(.ARM.exidx.text.PWM0_3_Init), (8 bytes).
    Removing pwm.o(.text.PWM0_3_Update_Duty_Cycle), (26 bytes).
    Removing pwm.o(.ARM.exidx.text.PWM0_3_Update_Duty_Cycle), (8 bytes).
    Removing pwm.o(.ARM.exidx.text.PWM1_0_Init), (8 bytes).
    Removing pwm.o(.text.PWM1_0_Update_Duty_Cycle), (26 bytes).
    Removing pwm.o(.ARM.exidx.text.PWM1_0_Update_Duty_Cycle), (8 bytes).
    Removing pwm.o(.ARM.exidx.text.PWM1_3_Init), (8 bytes).
    Removing pwm.o(.text.PWM1_3_Update_Duty_Cycle), (26 bytes).
    Removing pwm.o(.ARM.exidx.text.PWM1_3_Update_Duty_Cycle), (8 bytes).
    Removing pwm.o(.ARM.exidx.text.PWM_Disable), (8 bytes).
    Removing midi.o(.text), (0 bytes).
    Removing edubase_lcd.o(.text), (0 bytes).
    Removing edubase_lcd.o(.ARM.exidx.text.EduBase_LCD_Ports_Init), (8 bytes).
    Removing edubase_lcd.o(.ARM.exidx.text.EduBase_LCD_Pulse_Enable), (8 bytes).
    Removing edubase_lcd.o(.ARM.exidx.text.EduBase_LCD_Write_4_Bits), (8 bytes).
    Removing edubase_lcd.o(.ARM.exidx.text.EduBase_LCD_Send_Command), (8 bytes).
    Removing edubase_lcd.o(.ARM.exidx.text.EduBase_LCD_Send_Data), (8 bytes).
    Removing edubase_lcd.o(.ARM.exidx.text.EduBase_LCD_Init), (8 bytes).
    Removing edubase_lcd.o(.ARM.exidx.text.EduBase_LCD_Enable_Display), (8 bytes).
    Removing edubase_lcd.o(.ARM.exidx.text.EduBase_LCD_Return_Home), (8 bytes).
    Removing edubase_lcd.o(.ARM.exidx.text.EduBase_LCD_Clear_Display), (8 bytes).
    Removing edubase_lcd.o(.ARM.exidx.text.EduBase_LCD_Disable_Cursor_Blink), (8 bytes).
    Removing edubase_lcd.o(.ARM.exidx.text.EduBase_LCD_Disable_Cursor), (8 bytes).
    Removing edubase_lcd.o(.ARM.exidx.text.EduBase_LCD_Set_Cursor), (8 bytes).
    Removing edubase_lcd.o(.text.EduBase_LCD_Disable_Display), (30 bytes).
    Removing edubase_lcd.o(.ARM.exidx.text.EduBase_LCD_Disable_Display), (8 bytes).
    Removing edubase_lcd.o(.text.EduBase_LCD_Enable_Cursor), (30 bytes).
    Removing edubase_lcd.o(.ARM.exidx.text.EduBase_LCD_Enable_Cursor), (8 bytes).
    Removing edubase_lcd.o(.text.EduBase_LCD_Enable_Cursor_Blink), (30 bytes).
    Removing edubase_lcd.o(.ARM.exidx.text.EduBase_LCD_Enable_Cursor_Blink), (8 bytes).
    Removing edubase_lcd.o(.text.EduBase_LCD_Scroll_Display_Left), (10 bytes).
    Removing edubase_lcd.o(.ARM.exidx.text.EduBase_LCD_Scroll_Display_Left), (8 bytes).
    Removing edubase_lcd.o(.text.EduBase_LCD_Scroll_Display_Right), (10 bytes).
    Removing edubase_lcd.o(.ARM.exidx.text.EduBase_LCD_Scroll_Display_Right), (8 bytes).
    Removing edubase_lcd.o(.text.EduBase_LCD_Left_to_Right), (30 bytes).
    Removing edubase_lcd.o(.ARM.exidx.text.EduBase_LCD_Left_to_Right), (8 bytes).
    Removing edubase_lcd.o(.text.EduBase_LCD_Right_to_Left), (30 bytes).
    Removing edubase_lcd.o(.ARM.exidx.text.EduBase_LCD_Right_to_Left), (8 bytes).
    Removing edubase_lcd.o(.text.EduBase_LCD_Create_Custom_Character), (76 bytes).
    Removing edubase_lcd.o(.ARM.exidx.text.EduBase_LCD_Create_Custom_Character), (8 bytes).
    Removing edubase_lcd.o(.ARM.exidx.text.EduBase_LCD_Display_String), (8 bytes).
    Removing edubase_lcd.o(.text.EduBase_LCD_Display_Integer), (34 bytes).
    Removing edubase_lcd.o(.ARM.exidx.text.EduBase_LCD_Display_Integer), (8 bytes).
    Removing edubase_lcd.o(.text.EduBase_LCD_Display_Double), (42 bytes).
    Removing edubase_lcd.o(.ARM.exidx.text.EduBase_LCD_Display_Double), (8 bytes).
    Removing edubase_lcd.o(.text.EduBase_LCD_Display_Heart), (26 bytes).
    Removing edubase_lcd.o(.ARM.exidx.text.EduBase_LCD_Display_Heart), (8 bytes).
    Removing edubase_lcd.o(.bss.display_mode), (1 bytes).
    Removing edubase_lcd.o(.rodata.str1.1), (8 bytes).
    Removing midi-tune.o(.text), (0 bytes).
    Removing retarget_io.o(.text), (0 bytes).
    Removing system_tm4c123.o(.text), (0 bytes).
    Removing system_tm4c123.o(.text.SystemCoreClockUpdate), (326 bytes).
    Removing system_tm4c123.o(.ARM.exidx.text.SystemCoreClockUpdate), (8 bytes).
    Removing system_tm4c123.o(.text.getOscClk), (360 bytes).
    Removing system_tm4c123.o(.ARM.exidx.text.getOscClk), (8 bytes).
    Removing system_tm4c123.o(.ARM.exidx.text.SystemInit), (8 bytes).
    Removing system_tm4c123.o(.data.SystemCoreClock), (4 bytes).

88 unused section(s) (total 1678 bytes) removed from the image.

==============================================================================

Image Symbol Table

    Local Symbols

    Symbol Name                              Value     Ov Type        Size  Object(Section)

    ../clib/angel/boardlib.s                 0x00000000   Number         0  boardinit1.o ABSOLUTE
    ../clib/angel/boardlib.s                 0x00000000   Number         0  boardinit2.o ABSOLUTE
    ../clib/angel/boardlib.s                 0x00000000   Number         0  boardinit3.o ABSOLUTE
    ../clib/angel/boardlib.s                 0x00000000   Number         0  boardshut.o ABSOLUTE
    ../clib/angel/dclz77c.s                  0x00000000   Number         0  __dclz77c.o ABSOLUTE
    ../clib/angel/handlers.s                 0x00000000   Number         0  __scatter_zi.o ABSOLUTE
    ../clib/angel/kernel.s                   0x00000000   Number         0  __rtentry.o ABSOLUTE
    ../clib/angel/kernel.s                   0x00000000   Number         0  __rtentry2.o ABSOLUTE
    ../clib/angel/kernel.s                   0x00000000   Number         0  __rtentry4.o ABSOLUTE
    ../clib/angel/kernel.s                   0x00000000   Number         0  rtexit.o ABSOLUTE
    ../clib/angel/kernel.s                   0x00000000   Number         0  rtexit2.o ABSOLUTE
    ../clib/angel/rt.s                       0x00000000   Number         0  rt_ctype_table.o ABSOLUTE
    ../clib/angel/rt.s                       0x00000000   Number         0  rt_locale.o ABSOLUTE
    ../clib/angel/rt.s                       0x00000000   Number         0  rt_locale_intlibspace.o ABSOLUTE
    ../clib/angel/rt.s                       0x00000000   Number         0  rt_raise.o ABSOLUTE
    ../clib/angel/scatter.s                  0x00000000   Number         0  __scatter.o ABSOLUTE
    ../clib/angel/startup.s                  0x00000000   Number         0  __main.o ABSOLUTE
    ../clib/angel/sys.s                      0x00000000   Number         0  sys_stackheap_outer.o ABSOLUTE
    ../clib/angel/sys.s                      0x00000000   Number         0  libspace.o ABSOLUTE
    ../clib/angel/sys.s                      0x00000000   Number         0  use_no_semi.o ABSOLUTE
    ../clib/angel/sys.s                      0x00000000   Number         0  indicate_semi.o ABSOLUTE
    ../clib/angel/sysapp.c                   0x00000000   Number         0  sys_exit.o ABSOLUTE
    ../clib/angel/sysapp.c                   0x00000000   Number         0  sys_exit_hlt.o ABSOLUTE
    ../clib/angel/sysapp.c                   0x00000000   Number         0  sys_command.o ABSOLUTE
    ../clib/angel/sysapp.c                   0x00000000   Number         0  sys_command_hlt.o ABSOLUTE
    ../clib/angel/sysapp.c                   0x00000000   Number         0  sys_wrch.o ABSOLUTE
    ../clib/angel/sysapp.c                   0x00000000   Number         0  sys_wrch_hlt.o ABSOLUTE
    ../clib/armsys.c                         0x00000000   Number         0  argv_veneer.o ABSOLUTE
    ../clib/armsys.c                         0x00000000   Number         0  argv_veneer.o ABSOLUTE
    ../clib/armsys.c                         0x00000000   Number         0  _get_argv_nomalloc.o ABSOLUTE
    ../clib/armsys.c                         0x00000000   Number         0  no_argv.o ABSOLUTE
    ../clib/bigflt.c                         0x00000000   Number         0  bigflt0.o ABSOLUTE
    ../clib/btod.s                           0x00000000   Number         0  btod.o ABSOLUTE
    ../clib/btod_accurate.c                  0x00000000   Number         0  btod_accurate.o ABSOLUTE
    ../clib/btod_accurate.c                  0x00000000   Number         0  btod_accurate_common.o ABSOLUTE
    ../clib/heapalloc.c                      0x00000000   Number         0  hrguard.o ABSOLUTE
    ../clib/heapaux.c                        0x00000000   Number         0  heapauxi.o ABSOLUTE
    ../clib/libinit.s                        0x00000000   Number         0  libinit.o ABSOLUTE
    ../clib/libinit.s                        0x00000000   Number         0  libinit2.o ABSOLUTE
    ../clib/libinit.s                        0x00000000   Number         0  libshutdown.o ABSOLUTE
    ../clib/libinit.s                        0x00000000   Number         0  libshutdown2.o ABSOLUTE
    ../clib/locale.c                         0x00000000   Number         0  _c16rtomb.o ABSOLUTE
    ../clib/locale.s                         0x00000000   Number         0  lc_numeric_c.o ABSOLUTE
    ../clib/locale.s                         0x00000000   Number         0  lc_ctype_c.o ABSOLUTE
    ../clib/longlong.s                       0x00000000   Number         0  lludiv10.o ABSOLUTE
    ../clib/longlong.s                       0x00000000   Number         0  llushr.o ABSOLUTE
    ../clib/memcpset.s                       0x00000000   Number         0  strcmpv7em.o ABSOLUTE
    ../clib/misc.s                           0x00000000   Number         0  printf_stubs.o ABSOLUTE
    ../clib/printf.c                         0x00000000   Number         0  sprintf.o ABSOLUTE
    ../clib/printf.c                         0x00000000   Number         0  __printf.o ABSOLUTE
    ../clib/printf.c                         0x00000000   Number         0  _printf_pad.o ABSOLUTE
    ../clib/printf.c                         0x00000000   Number         0  _printf_truncate.o ABSOLUTE
    ../clib/printf.c                         0x00000000   Number         0  _printf_str.o ABSOLUTE
    ../clib/printf.c                         0x00000000   Number         0  _printf_dec.o ABSOLUTE
    ../clib/printf.c                         0x00000000   Number         0  _printf_charcount.o ABSOLUTE
    ../clib/printf.c                         0x00000000   Number         0  _printf_char_common.o ABSOLUTE
    ../clib/printf.c                         0x00000000   Number         0  _sputc.o ABSOLUTE
    ../clib/printf.c                         0x00000000   Number         0  _printf_wctomb.o ABSOLUTE
    ../clib/printf.c                         0x00000000   Number         0  _printf_longlong_dec.o ABSOLUTE
    ../clib/printf.c                         0x00000000   Number         0  _printf_oct_ll.o ABSOLUTE
    ../clib/printf.c                         0x00000000   Number         0  _printf_oct_int.o ABSOLUTE
    ../clib/printf.c                         0x00000000   Number         0  _printf_oct_int_ll.o ABSOLUTE
    ../clib/printf.c                         0x00000000   Number         0  _printf_hex_ll.o ABSOLUTE
    ../clib/printf.c                         0x00000000   Number         0  _printf_hex_int.o ABSOLUTE
    ../clib/printf.c                         0x00000000   Number         0  _printf_hex_int_ll.o ABSOLUTE
    ../clib/printf.c                         0x00000000   Number         0  _printf_hex_ptr.o ABSOLUTE
    ../clib/printf.c                         0x00000000   Number         0  _printf_hex_int_ptr.o ABSOLUTE
    ../clib/printf.c                         0x00000000   Number         0  _printf_hex_ll_ptr.o ABSOLUTE
    ../clib/printf.c                         0x00000000   Number         0  _printf_hex_int_ll_ptr.o ABSOLUTE
    ../clib/printf.c                         0x00000000   Number         0  __printf_flags.o ABSOLUTE
    ../clib/printf.c                         0x00000000   Number         0  __printf_ss.o ABSOLUTE
    ../clib/printf.c                         0x00000000   Number         0  __printf_flags_ss.o ABSOLUTE
    ../clib/printf.c                         0x00000000   Number         0  __printf_wp.o ABSOLUTE
    ../clib/printf.c                         0x00000000   Number         0  __printf_flags_wp.o ABSOLUTE
    ../clib/printf.c                         0x00000000   Number         0  __printf_ss_wp.o ABSOLUTE
    ../clib/printf.c                         0x00000000   Number         0  __printf_flags_ss_wp.o ABSOLUTE
    ../clib/printf.c                         0x00000000   Number         0  _printf_intcommon.o ABSOLUTE
    ../clib/printf.c                         0x00000000   Number         0  _printf_fp_dec.o ABSOLUTE
    ../clib/printf.c                         0x00000000   Number         0  _printf_fp_dec_accurate.o ABSOLUTE
    ../clib/printf.c                         0x00000000   Number         0  _printf_fp_hex.o ABSOLUTE
    ../clib/printf.c                         0x00000000   Number         0  __printf_nopercent.o ABSOLUTE
    ../clib/printf.c                         0x00000000   Number         0  _printf_char.o ABSOLUTE
    ../clib/printf.c                         0x00000000   Number         0  _printf_wchar.o ABSOLUTE
    ../clib/printf.c                         0x00000000   Number         0  _printf_fp_infnan.o ABSOLUTE
    ../clib/printf_percent.s                 0x00000000   Number         0  _printf_c.o ABSOLUTE
    ../clib/printf_percent.s                 0x00000000   Number         0  _printf_s.o ABSOLUTE
    ../clib/printf_percent.s                 0x00000000   Number         0  _printf_n.o ABSOLUTE
    ../clib/printf_percent.s                 0x00000000   Number         0  _printf_x.o ABSOLUTE
    ../clib/printf_percent.s                 0x00000000   Number         0  _printf_p.o ABSOLUTE
    ../clib/printf_percent.s                 0x00000000   Number         0  _printf_o.o ABSOLUTE
    ../clib/printf_percent.s                 0x00000000   Number         0  _printf_i.o ABSOLUTE
    ../clib/printf_percent.s                 0x00000000   Number         0  _printf_d.o ABSOLUTE
    ../clib/printf_percent.s                 0x00000000   Number         0  _printf_u.o ABSOLUTE
    ../clib/printf_percent.s                 0x00000000   Number         0  _printf_f.o ABSOLUTE
    ../clib/printf_percent.s                 0x00000000   Number         0  _printf_e.o ABSOLUTE
    ../clib/printf_percent.s                 0x00000000   Number         0  _printf_g.o ABSOLUTE
    ../clib/printf_percent.s                 0x00000000   Number         0  _printf_a.o ABSOLUTE
    ../clib/printf_percent.s                 0x00000000   Number         0  _printf_percent.o ABSOLUTE
    ../clib/printf_percent.s                 0x00000000   Number         0  _printf_lli.o ABSOLUTE
    ../clib/printf_percent.s                 0x00000000   Number         0  _printf_lld.o ABSOLUTE
    ../clib/printf_percent.s                 0x00000000   Number         0  _printf_llu.o ABSOLUTE
    ../clib/printf_percent.s                 0x00000000   Number         0  _printf_ll.o ABSOLUTE
    ../clib/printf_percent.s                 0x00000000   Number         0  _printf_l.o ABSOLUTE
    ../clib/printf_percent.s                 0x00000000   Number         0  _printf_lc.o ABSOLUTE
    ../clib/printf_percent.s                 0x00000000   Number         0  _printf_ls.o ABSOLUTE
    ../clib/printf_percent.s                 0x00000000   Number         0  _printf_llo.o ABSOLUTE
    ../clib/printf_percent.s                 0x00000000   Number         0  _printf_llx.o ABSOLUTE
    ../clib/printf_percent.s                 0x00000000   Number         0  _printf_percent_end.o ABSOLUTE
    ../clib/signal.c                         0x00000000   Number         0  defsig_rtmem_outer.o ABSOLUTE
    ../clib/signal.c                         0x00000000   Number         0  defsig_rtmem_formal.o ABSOLUTE
    ../clib/signal.c                         0x00000000   Number         0  defsig_exit.o ABSOLUTE
    ../clib/signal.c                         0x00000000   Number         0  defsig_rtmem_inner.o ABSOLUTE
    ../clib/signal.c                         0x00000000   Number         0  __raise.o ABSOLUTE
    ../clib/signal.c                         0x00000000   Number         0  defsig_general.o ABSOLUTE
    ../clib/signal.c                         0x00000000   Number         0  defsig_abrt_inner.o ABSOLUTE
    ../clib/signal.c                         0x00000000   Number         0  defsig_fpe_inner.o ABSOLUTE
    ../clib/signal.c                         0x00000000   Number         0  defsig_rtred_inner.o ABSOLUTE
    ../clib/signal.c                         0x00000000   Number         0  defsig_stak_inner.o ABSOLUTE
    ../clib/signal.c                         0x00000000   Number         0  defsig_pvfn_inner.o ABSOLUTE
    ../clib/signal.c                         0x00000000   Number         0  defsig_cppl_inner.o ABSOLUTE
    ../clib/signal.c                         0x00000000   Number         0  defsig_segv_inner.o ABSOLUTE
    ../clib/signal.c                         0x00000000   Number         0  defsig_other.o ABSOLUTE
    ../clib/signal.s                         0x00000000   Number         0  defsig.o ABSOLUTE
    ../clib/stdlib.c                         0x00000000   Number         0  exit.o ABSOLUTE
    ../clib/string.c                         0x00000000   Number         0  strlen.o ABSOLUTE
    ../fplib/fpinit.s                        0x00000000   Number         0  fpinit.o ABSOLUTE
    ../fplib/istatus.s                       0x00000000   Number         0  istatus.o ABSOLUTE
    ../fplib/printf1.s                       0x00000000   Number         0  printf1.o ABSOLUTE
    ../fplib/printf2.s                       0x00000000   Number         0  printf2.o ABSOLUTE
    ../fplib/printf2a.s                      0x00000000   Number         0  printf2a.o ABSOLUTE
    ../fplib/printf2b.s                      0x00000000   Number         0  printf2b.o ABSOLUTE
    ../fplib/usenofp.s                       0x00000000   Number         0  usenofp.o ABSOLUTE
    ../mathlib/fpclassify.c                  0x00000000   Number         0  fpclassify.o ABSOLUTE
    EduBase_LCD.c                            0x00000000   Number         0  edubase_lcd.o ABSOLUTE
    GPIO.c                                   0x00000000   Number         0  gpio.o ABSOLUTE
    PMOD_BTN_Interrupt.c                     0x00000000   Number         0  pmod_btn_interrupt.o ABSOLUTE
    PWM.c                                    0x00000000   Number         0  pwm.o ABSOLUTE
    RTE/Device/TM4C123GH6PM/startup_TM4C123.s 0x00000000   Number         0  startup_tm4c123.o ABSOLUTE
    SysTick_Delay.c                          0x00000000   Number         0  systick_delay.o ABSOLUTE
    dc.s                                     0x00000000   Number         0  dc.o ABSOLUTE
    main.c                                   0x00000000   Number         0  main.o ABSOLUTE
    midi-tune.c                              0x00000000   Number         0  midi-tune.o ABSOLUTE
    midi.c                                   0x00000000   Number         0  midi.o ABSOLUTE
    retarget_io.c                            0x00000000   Number         0  retarget_io.o ABSOLUTE
    system_TM4C123.c                         0x00000000   Number         0  system_tm4c123.o ABSOLUTE
    RESET                                    0x00000000   Section      620  startup_tm4c123.o(RESET)
    !!!main                                  0x0000026c   Section        8  __main.o(!!!main)
    !!!scatter                               0x00000274   Section       92  __scatter.o(!!!scatter)
    !!dclz77c                                0x000002d0   Section      100  __dclz77c.o(!!dclz77c)
    !!handler_null                           0x00000334   Section        2  __scatter.o(!!handler_null)
    !!handler_zi                             0x00000338   Section       28  __scatter_zi.o(!!handler_zi)
    .ARM.Collect$$libinit$$00000000          0x00000354   Section        2  libinit.o(.ARM.Collect$$libinit$$00000000)
    .ARM.Collect$$libinit$$00000001          0x00000356   Section        4  libinit2.o(.ARM.Collect$$libinit$$00000001)
    .ARM.Collect$$libinit$$00000004          0x0000035a   Section        0  libinit2.o(.ARM.Collect$$libinit$$00000004)
    .ARM.Collect$$libinit$$00000006          0x0000035a   Section        0  libinit2.o(.ARM.Collect$$libinit$$00000006)
    .ARM.Collect$$libinit$$0000000C          0x0000035a   Section        0  libinit2.o(.ARM.Collect$$libinit$$0000000C)
    .ARM.Collect$$libinit$$0000000E          0x0000035a   Section        0  libinit2.o(.ARM.Collect$$libinit$$0000000E)
    .ARM.Collect$$libinit$$00000010          0x0000035a   Section        0  libinit2.o(.ARM.Collect$$libinit$$00000010)
    .ARM.Collect$$libinit$$00000013          0x0000035a   Section        0  libinit2.o(.ARM.Collect$$libinit$$00000013)
    .ARM.Collect$$libinit$$00000015          0x0000035a   Section        0  libinit2.o(.ARM.Collect$$libinit$$00000015)
    .ARM.Collect$$libinit$$00000017          0x0000035a   Section        0  libinit2.o(.ARM.Collect$$libinit$$00000017)
    .ARM.Collect$$libinit$$00000019          0x0000035a   Section        0  libinit2.o(.ARM.Collect$$libinit$$00000019)
    .ARM.Collect$$libinit$$0000001B          0x0000035a   Section        0  libinit2.o(.ARM.Collect$$libinit$$0000001B)
    .ARM.Collect$$libinit$$0000001D          0x0000035a   Section        0  libinit2.o(.ARM.Collect$$libinit$$0000001D)
    .ARM.Collect$$libinit$$0000001F          0x0000035a   Section        0  libinit2.o(.ARM.Collect$$libinit$$0000001F)
    .ARM.Collect$$libinit$$00000021          0x0000035a   Section        0  libinit2.o(.ARM.Collect$$libinit$$00000021)
    .ARM.Collect$$libinit$$00000023          0x0000035a   Section        0  libinit2.o(.ARM.Collect$$libinit$$00000023)
    .ARM.Collect$$libinit$$00000025          0x0000035a   Section        0  libinit2.o(.ARM.Collect$$libinit$$00000025)
    .ARM.Collect$$libinit$$00000027          0x0000035a   Section        0  libinit2.o(.ARM.Collect$$libinit$$00000027)
    .ARM.Collect$$libinit$$0000002E          0x0000035a   Section        0  libinit2.o(.ARM.Collect$$libinit$$0000002E)
    .ARM.Collect$$libinit$$00000030          0x0000035a   Section        0  libinit2.o(.ARM.Collect$$libinit$$00000030)
    .ARM.Collect$$libinit$$00000032          0x0000035a   Section        0  libinit2.o(.ARM.Collect$$libinit$$00000032)
    .ARM.Collect$$libinit$$00000034          0x0000035a   Section        0  libinit2.o(.ARM.Collect$$libinit$$00000034)
    .ARM.Collect$$libinit$$00000035          0x0000035a   Section        2  libinit2.o(.ARM.Collect$$libinit$$00000035)
    .ARM.Collect$$libshutdown$$00000000      0x0000035c   Section        2  libshutdown.o(.ARM.Collect$$libshutdown$$00000000)
    .ARM.Collect$$libshutdown$$00000002      0x0000035e   Section        0  libshutdown2.o(.ARM.Collect$$libshutdown$$00000002)
    .ARM.Collect$$libshutdown$$00000004      0x0000035e   Section        0  libshutdown2.o(.ARM.Collect$$libshutdown$$00000004)
    .ARM.Collect$$libshutdown$$00000007      0x0000035e   Section        0  libshutdown2.o(.ARM.Collect$$libshutdown$$00000007)
    .ARM.Collect$$libshutdown$$0000000A      0x0000035e   Section        0  libshutdown2.o(.ARM.Collect$$libshutdown$$0000000A)
    .ARM.Collect$$libshutdown$$0000000C      0x0000035e   Section        0  libshutdown2.o(.ARM.Collect$$libshutdown$$0000000C)
    .ARM.Collect$$libshutdown$$0000000F      0x0000035e   Section        0  libshutdown2.o(.ARM.Collect$$libshutdown$$0000000F)
    .ARM.Collect$$libshutdown$$00000010      0x0000035e   Section        2  libshutdown2.o(.ARM.Collect$$libshutdown$$00000010)
    .ARM.Collect$$rtentry$$00000000          0x00000360   Section        0  __rtentry.o(.ARM.Collect$$rtentry$$00000000)
    .ARM.Collect$$rtentry$$00000002          0x00000360   Section        0  __rtentry2.o(.ARM.Collect$$rtentry$$00000002)
    .ARM.Collect$$rtentry$$00000004          0x00000360   Section        6  __rtentry4.o(.ARM.Collect$$rtentry$$00000004)
    .ARM.Collect$$rtentry$$00000009          0x00000366   Section        0  __rtentry2.o(.ARM.Collect$$rtentry$$00000009)
    .ARM.Collect$$rtentry$$0000000A          0x00000366   Section        4  __rtentry2.o(.ARM.Collect$$rtentry$$0000000A)
    .ARM.Collect$$rtentry$$0000000C          0x0000036a   Section        0  __rtentry2.o(.ARM.Collect$$rtentry$$0000000C)
    .ARM.Collect$$rtentry$$0000000D          0x0000036a   Section        8  __rtentry2.o(.ARM.Collect$$rtentry$$0000000D)
    .ARM.Collect$$rtexit$$00000000           0x00000372   Section        2  rtexit.o(.ARM.Collect$$rtexit$$00000000)
    .ARM.Collect$$rtexit$$00000002           0x00000374   Section        0  rtexit2.o(.ARM.Collect$$rtexit$$00000002)
    .ARM.Collect$$rtexit$$00000003           0x00000374   Section        4  rtexit2.o(.ARM.Collect$$rtexit$$00000003)
    .ARM.Collect$$rtexit$$00000004           0x00000378   Section        6  rtexit2.o(.ARM.Collect$$rtexit$$00000004)
    $v0                                      0x00000380   Number         0  startup_tm4c123.o(.text)
    .text                                    0x00000380   Section      276  startup_tm4c123.o(.text)
    .text                                    0x00000494   Section        0  strlen.o(.text)
    .text                                    0x000004d2   Section        0  heapauxi.o(.text)
    .text                                    0x000004d8   Section       74  sys_stackheap_outer.o(.text)
    .text                                    0x00000522   Section        0  exit.o(.text)
    .text                                    0x00000534   Section        8  libspace.o(.text)
    .text                                    0x0000053c   Section        0  sys_exit.o(.text)
    .text                                    0x00000548   Section        2  use_no_semi.o(.text)
    .text                                    0x0000054a   Section        0  indicate_semi.o(.text)
    [Anonymous Symbol]                       0x0000054c   Section        0  edubase_lcd.o(.text.EduBase_LCD_Clear_Display)
    [Anonymous Symbol]                       0x00000558   Section        0  edubase_lcd.o(.text.EduBase_LCD_Disable_Cursor)
    [Anonymous Symbol]                       0x00000578   Section        0  edubase_lcd.o(.text.EduBase_LCD_Disable_Cursor_Blink)
    [Anonymous Symbol]                       0x00000598   Section        0  edubase_lcd.o(.text.EduBase_LCD_Display_String)
    [Anonymous Symbol]                       0x000005d0   Section        0  edubase_lcd.o(.text.EduBase_LCD_Enable_Display)
    [Anonymous Symbol]                       0x000005f0   Section        0  edubase_lcd.o(.text.EduBase_LCD_Init)
    [Anonymous Symbol]                       0x00000658   Section        0  edubase_lcd.o(.text.EduBase_LCD_Ports_Init)
    [Anonymous Symbol]                       0x0000073c   Section        0  edubase_lcd.o(.text.EduBase_LCD_Pulse_Enable)
    [Anonymous Symbol]                       0x00000778   Section        0  edubase_lcd.o(.text.EduBase_LCD_Return_Home)
    [Anonymous Symbol]                       0x00000784   Section        0  edubase_lcd.o(.text.EduBase_LCD_Send_Command)
    [Anonymous Symbol]                       0x000007cc   Section        0  edubase_lcd.o(.text.EduBase_LCD_Send_Data)
    [Anonymous Symbol]                       0x000007f8   Section        0  edubase_lcd.o(.text.EduBase_LCD_Set_Cursor)
    [Anonymous Symbol]                       0x00000848   Section        0  edubase_lcd.o(.text.EduBase_LCD_Write_4_Bits)
    [Anonymous Symbol]                       0x000008bc   Section        0  pmod_btn_interrupt.o(.text.GPIOE_Handler)
    [Anonymous Symbol]                       0x000008fc   Section        0  systick_delay.o(.text.GetTick)
    [Anonymous Symbol]                       0x00000908   Section        0  main.o(.text.PMOD_BTN_Handler)
    [Anonymous Symbol]                       0x00000a9c   Section        0  pmod_btn_interrupt.o(.text.PMOD_BTN_Interrupt_Init)
    [Anonymous Symbol]                       0x00000b78   Section        0  pmod_btn_interrupt.o(.text.PMOD_BTN_Read)
    [Anonymous Symbol]                       0x00000b94   Section        0  pwm.o(.text.PWM0_0_Init)
    [Anonymous Symbol]                       0x00000c74   Section        0  pwm.o(.text.PWM0_3_Init)
    [Anonymous Symbol]                       0x00000d54   Section        0  pwm.o(.text.PWM1_0_Init)
    [Anonymous Symbol]                       0x00000e34   Section        0  pwm.o(.text.PWM1_3_Init)
    [Anonymous Symbol]                       0x00000f14   Section        0  pwm.o(.text.PWM_Clock_Init)
    [Anonymous Symbol]                       0x00000f38   Section        0  pwm.o(.text.PWM_Disable)
    ProcessTracks                            0x00001011   Thumb Code   406  main.o(.text.ProcessTracks)
    [Anonymous Symbol]                       0x00001010   Section        0  main.o(.text.ProcessTracks)
    [Anonymous Symbol]                       0x000011a8   Section        0  gpio.o(.text.RGB_LED_Init)
    [Anonymous Symbol]                       0x000011fc   Section        0  gpio.o(.text.RGB_LED_Output)
    [Anonymous Symbol]                       0x0000121c   Section        0  systick_delay.o(.text.SysTick_Delay1us)
    [Anonymous Symbol]                       0x00001248   Section        0  systick_delay.o(.text.SysTick_Delay_Init)
    [Anonymous Symbol]                       0x00001274   Section        0  systick_delay.o(.text.SysTick_Handler)
    [Anonymous Symbol]                       0x000012bc   Section        0  system_tm4c123.o(.text.SystemInit)
    [Anonymous Symbol]                       0x000013c8   Section        0  main.o(.text.UpdateLCDStatus)
    [Anonymous Symbol]                       0x00001414   Section        0  main.o(.text.main)
    $v0                                      0x00001528   Number         0  fpinit.o(x$fpl$fpinit)
    x$fpl$fpinit                             0x00001528   Section       26  fpinit.o(x$fpl$fpinit)
    .L.str                                   0x00001635   Data           9  main.o(.rodata.str1.1)
    [Anonymous Symbol]                       0x00001635   Section        0  main.o(.rodata.str1.1)
    .L.str.2                                 0x0000163e   Data           8  main.o(.rodata.str1.1)
    .L.str.1                                 0x00001646   Data           8  main.o(.rodata.str1.1)
    track1Notes_                             0x20000008   Data        2310  midi-tune.o(.data.track1Notes_)
    [Anonymous Symbol]                       0x20000008   Section        0  midi-tune.o(.data.track1Notes_)
    track2Notes_                             0x2000090e   Data        2310  midi-tune.o(.data.track2Notes_)
    [Anonymous Symbol]                       0x2000090e   Section        0  midi-tune.o(.data.track2Notes_)
    track3Notes_                             0x20001214   Data        4614  midi-tune.o(.data.track3Notes_)
    [Anonymous Symbol]                       0x20001214   Section        0  midi-tune.o(.data.track3Notes_)
    track4Notes_                             0x2000241a   Data        3282  midi-tune.o(.data.track4Notes_)
    [Anonymous Symbol]                       0x2000241a   Section        0  midi-tune.o(.data.track4Notes_)
    trackStates_                             0x200030ec   Data          96  main.o(.data.trackStates_)
    [Anonymous Symbol]                       0x200030ec   Section        0  main.o(.data.trackStates_)
    tracks_                                  0x2000314c   Data          16  midi-tune.o(.data.tracks_)
    [Anonymous Symbol]                       0x2000314c   Section        0  midi-tune.o(.data.tracks_)
    .bss                                     0x20003160   Section       96  libspace.o(.bss)
    display_control                          0x200031c4   Data           1  edubase_lcd.o(.bss.display_control)
    [Anonymous Symbol]                       0x200031c4   Section        0  edubase_lcd.o(.bss.display_control)
    isPlaying_                               0x200031c5   Data           1  main.o(.bss.isPlaying_)
    [Anonymous Symbol]                       0x200031c5   Section        0  main.o(.bss.isPlaying_)
    lcd_needs_update                         0x200031c6   Data           1  main.o(.bss.lcd_needs_update)
    [Anonymous Symbol]                       0x200031c6   Section        0  main.o(.bss.lcd_needs_update)
    ms_active                                0x200031c7   Data           1  systick_delay.o(.bss.ms_active)
    [Anonymous Symbol]                       0x200031c7   Section        0  systick_delay.o(.bss.ms_active)
    ms_elapsed                               0x200031c8   Data           4  systick_delay.o(.bss.ms_elapsed)
    [Anonymous Symbol]                       0x200031c8   Section        0  systick_delay.o(.bss.ms_elapsed)
    us_elapsed                               0x200031cc   Data           4  systick_delay.o(.bss.us_elapsed)
    [Anonymous Symbol]                       0x200031cc   Section        0  systick_delay.o(.bss.us_elapsed)
    Heap_Mem                                 0x200031d0   Data           0  startup_tm4c123.o(HEAP)
    Stack_Mem                                0x200031d0   Data         512  startup_tm4c123.o(STACK)
    HEAP                                     0x200031d0   Section        0  startup_tm4c123.o(HEAP)
    STACK                                    0x200031d0   Section      512  startup_tm4c123.o(STACK)
    __initial_sp                             0x200033d0   Data           0  startup_tm4c123.o(STACK)

    Global Symbols

    Symbol Name                              Value     Ov Type        Size  Object(Section)

    BuildAttributes$$THM_ISAv4$E$P$D$K$B$S$7EM$VFPi3$EXTD16$VFPS$VFMA$PE$A:L22UL41UL21$X:L11$S22US41US21$IEEE1$IW$~IW$USESV6$~STKCKD$USESV7$~SHL$OTIME$ROPI$IEEEJ$EBA8$UX$STANDARDLIB$REQ8$PRES8$EABIv2 0x00000000   Number         0  anon$$obj.o ABSOLUTE
    __Vectors                                0x00000000   Data           4  startup_tm4c123.o(RESET)
    _printf_flags                            0x00000000   Number         0  printf_stubs.o ABSOLUTE
    _printf_return_value                     0x00000000   Number         0  printf_stubs.o ABSOLUTE
    _printf_sizespec                         0x00000000   Number         0  printf_stubs.o ABSOLUTE
    _printf_widthprec                        0x00000000   Number         0  printf_stubs.o ABSOLUTE
    __ARM_exceptions_init                     - Undefined Weak Reference
    __alloca_initialize                       - Undefined Weak Reference
    __arm_preinit_                            - Undefined Weak Reference
    __arm_relocate_pie_                       - Undefined Weak Reference
    __cpp_initialize__aeabi_                  - Undefined Weak Reference
    __cxa_finalize                            - Undefined Weak Reference
    __sigvec_lookup                           - Undefined Weak Reference
    _atexit_init                              - Undefined Weak Reference
    _call_atexit_fns                          - Undefined Weak Reference
    _clock_init                               - Undefined Weak Reference
    _fp_trap_init                             - Undefined Weak Reference
    _fp_trap_shutdown                         - Undefined Weak Reference
    _get_lc_collate                           - Undefined Weak Reference
    _get_lc_monetary                          - Undefined Weak Reference
    _get_lc_time                              - Undefined Weak Reference
    _getenv_init                              - Undefined Weak Reference
    _handle_redirection                       - Undefined Weak Reference
    _init_alloc                               - Undefined Weak Reference
    _init_user_alloc                          - Undefined Weak Reference
    _initio                                   - Undefined Weak Reference
    _printf_mbtowc                            - Undefined Weak Reference
    _printf_wc                                - Undefined Weak Reference
    _rand_init                                - Undefined Weak Reference
    _signal_finish                            - Undefined Weak Reference
    _signal_init                              - Undefined Weak Reference
    _terminate_alloc                          - Undefined Weak Reference
    _terminate_user_alloc                     - Undefined Weak Reference
    _terminateio                              - Undefined Weak Reference
    __Vectors_End                            0x0000026c   Data           0  startup_tm4c123.o(RESET)
    __Vectors_Size                           0x0000026c   Number         0  startup_tm4c123.o ABSOLUTE
    __main                                   0x0000026d   Thumb Code     8  __main.o(!!!main)
    __scatterload                            0x00000275   Thumb Code     0  __scatter.o(!!!scatter)
    __scatterload_rt2                        0x00000275   Thumb Code    84  __scatter.o(!!!scatter)
    __scatterload_rt2_thumb_only             0x00000275   Thumb Code     0  __scatter.o(!!!scatter)
    __scatterload_loop                       0x0000027f   Thumb Code     0  __scatter.o(!!!scatter)
    __decompress                             0x000002d1   Thumb Code   100  __dclz77c.o(!!dclz77c)
    __decompress2                            0x000002d1   Thumb Code     0  __dclz77c.o(!!dclz77c)
    __scatterload_null                       0x00000335   Thumb Code     2  __scatter.o(!!handler_null)
    __scatterload_zeroinit                   0x00000339   Thumb Code    28  __scatter_zi.o(!!handler_zi)
    __rt_lib_init                            0x00000355   Thumb Code     0  libinit.o(.ARM.Collect$$libinit$$00000000)
    __rt_lib_init_fp_1                       0x00000357   Thumb Code     0  libinit2.o(.ARM.Collect$$libinit$$00000001)
    __rt_lib_init_alloca_1                   0x0000035b   Thumb Code     0  libinit2.o(.ARM.Collect$$libinit$$00000030)
    __rt_lib_init_argv_1                     0x0000035b   Thumb Code     0  libinit2.o(.ARM.Collect$$libinit$$0000002E)
    __rt_lib_init_atexit_1                   0x0000035b   Thumb Code     0  libinit2.o(.ARM.Collect$$libinit$$0000001D)
    __rt_lib_init_clock_1                    0x0000035b   Thumb Code     0  libinit2.o(.ARM.Collect$$libinit$$00000023)
    __rt_lib_init_cpp_1                      0x0000035b   Thumb Code     0  libinit2.o(.ARM.Collect$$libinit$$00000034)
    __rt_lib_init_exceptions_1               0x0000035b   Thumb Code     0  libinit2.o(.ARM.Collect$$libinit$$00000032)
    __rt_lib_init_fp_trap_1                  0x0000035b   Thumb Code     0  libinit2.o(.ARM.Collect$$libinit$$00000021)
    __rt_lib_init_getenv_1                   0x0000035b   Thumb Code     0  libinit2.o(.ARM.Collect$$libinit$$00000025)
    __rt_lib_init_heap_1                     0x0000035b   Thumb Code     0  libinit2.o(.ARM.Collect$$libinit$$0000000C)
    __rt_lib_init_lc_collate_1               0x0000035b   Thumb Code     0  libinit2.o(.ARM.Collect$$libinit$$00000013)
    __rt_lib_init_lc_ctype_1                 0x0000035b   Thumb Code     0  libinit2.o(.ARM.Collect$$libinit$$00000015)
    __rt_lib_init_lc_monetary_1              0x0000035b   Thumb Code     0  libinit2.o(.ARM.Collect$$libinit$$00000017)
    __rt_lib_init_lc_numeric_1               0x0000035b   Thumb Code     0  libinit2.o(.ARM.Collect$$libinit$$00000019)
    __rt_lib_init_lc_time_1                  0x0000035b   Thumb Code     0  libinit2.o(.ARM.Collect$$libinit$$0000001B)
    __rt_lib_init_preinit_1                  0x0000035b   Thumb Code     0  libinit2.o(.ARM.Collect$$libinit$$00000006)
    __rt_lib_init_rand_1                     0x0000035b   Thumb Code     0  libinit2.o(.ARM.Collect$$libinit$$00000010)
    __rt_lib_init_relocate_pie_1             0x0000035b   Thumb Code     0  libinit2.o(.ARM.Collect$$libinit$$00000004)
    __rt_lib_init_return                     0x0000035b   Thumb Code     0  libinit2.o(.ARM.Collect$$libinit$$00000035)
    __rt_lib_init_signal_1                   0x0000035b   Thumb Code     0  libinit2.o(.ARM.Collect$$libinit$$0000001F)
    __rt_lib_init_stdio_1                    0x0000035b   Thumb Code     0  libinit2.o(.ARM.Collect$$libinit$$00000027)
    __rt_lib_init_user_alloc_1               0x0000035b   Thumb Code     0  libinit2.o(.ARM.Collect$$libinit$$0000000E)
    __rt_lib_shutdown                        0x0000035d   Thumb Code     0  libshutdown.o(.ARM.Collect$$libshutdown$$00000000)
    __rt_lib_shutdown_cpp_1                  0x0000035f   Thumb Code     0  libshutdown2.o(.ARM.Collect$$libshutdown$$00000002)
    __rt_lib_shutdown_fp_trap_1              0x0000035f   Thumb Code     0  libshutdown2.o(.ARM.Collect$$libshutdown$$00000007)
    __rt_lib_shutdown_heap_1                 0x0000035f   Thumb Code     0  libshutdown2.o(.ARM.Collect$$libshutdown$$0000000F)
    __rt_lib_shutdown_return                 0x0000035f   Thumb Code     0  libshutdown2.o(.ARM.Collect$$libshutdown$$00000010)
    __rt_lib_shutdown_signal_1               0x0000035f   Thumb Code     0  libshutdown2.o(.ARM.Collect$$libshutdown$$0000000A)
    __rt_lib_shutdown_stdio_1                0x0000035f   Thumb Code     0  libshutdown2.o(.ARM.Collect$$libshutdown$$00000004)
    __rt_lib_shutdown_user_alloc_1           0x0000035f   Thumb Code     0  libshutdown2.o(.ARM.Collect$$libshutdown$$0000000C)
    __rt_entry                               0x00000361   Thumb Code     0  __rtentry.o(.ARM.Collect$$rtentry$$00000000)
    __rt_entry_presh_1                       0x00000361   Thumb Code     0  __rtentry2.o(.ARM.Collect$$rtentry$$00000002)
    __rt_entry_sh                            0x00000361   Thumb Code     0  __rtentry4.o(.ARM.Collect$$rtentry$$00000004)
    __rt_entry_li                            0x00000367   Thumb Code     0  __rtentry2.o(.ARM.Collect$$rtentry$$0000000A)
    __rt_entry_postsh_1                      0x00000367   Thumb Code     0  __rtentry2.o(.ARM.Collect$$rtentry$$00000009)
    __rt_entry_main                          0x0000036b   Thumb Code     0  __rtentry2.o(.ARM.Collect$$rtentry$$0000000D)
    __rt_entry_postli_1                      0x0000036b   Thumb Code     0  __rtentry2.o(.ARM.Collect$$rtentry$$0000000C)
    __rt_exit                                0x00000373   Thumb Code     0  rtexit.o(.ARM.Collect$$rtexit$$00000000)
    __rt_exit_ls                             0x00000375   Thumb Code     0  rtexit2.o(.ARM.Collect$$rtexit$$00000003)
    __rt_exit_prels_1                        0x00000375   Thumb Code     0  rtexit2.o(.ARM.Collect$$rtexit$$00000002)
    __rt_exit_exit                           0x00000379   Thumb Code     0  rtexit2.o(.ARM.Collect$$rtexit$$00000004)
    Reset_Handler                            0x00000381   Thumb Code     8  startup_tm4c123.o(.text)
    NMI_Handler                              0x00000389   Thumb Code     2  startup_tm4c123.o(.text)
    HardFault_Handler                        0x0000038b   Thumb Code     2  startup_tm4c123.o(.text)
    MemManage_Handler                        0x0000038d   Thumb Code     2  startup_tm4c123.o(.text)
    BusFault_Handler                         0x0000038f   Thumb Code     2  startup_tm4c123.o(.text)
    UsageFault_Handler                       0x00000391   Thumb Code     2  startup_tm4c123.o(.text)
    SVC_Handler                              0x00000393   Thumb Code     2  startup_tm4c123.o(.text)
    DebugMon_Handler                         0x00000395   Thumb Code     2  startup_tm4c123.o(.text)
    PendSV_Handler                           0x00000397   Thumb Code     2  startup_tm4c123.o(.text)
    GPIOA_Handler                            0x0000039b   Thumb Code     2  startup_tm4c123.o(.text)
    GPIOB_Handler                            0x0000039d   Thumb Code     2  startup_tm4c123.o(.text)
    GPIOC_Handler                            0x0000039f   Thumb Code     2  startup_tm4c123.o(.text)
    GPIOD_Handler                            0x000003a1   Thumb Code     2  startup_tm4c123.o(.text)
    UART0_Handler                            0x000003a5   Thumb Code     2  startup_tm4c123.o(.text)
    UART1_Handler                            0x000003a7   Thumb Code     2  startup_tm4c123.o(.text)
    SSI0_Handler                             0x000003a9   Thumb Code     2  startup_tm4c123.o(.text)
    I2C0_Handler                             0x000003ab   Thumb Code     2  startup_tm4c123.o(.text)
    PMW0_FAULT_Handler                       0x000003ad   Thumb Code     2  startup_tm4c123.o(.text)
    PWM0_0_Handler                           0x000003af   Thumb Code     2  startup_tm4c123.o(.text)
    PWM0_1_Handler                           0x000003b1   Thumb Code     2  startup_tm4c123.o(.text)
    PWM0_2_Handler                           0x000003b3   Thumb Code     2  startup_tm4c123.o(.text)
    QEI0_Handler                             0x000003b5   Thumb Code     2  startup_tm4c123.o(.text)
    ADC0SS0_Handler                          0x000003b7   Thumb Code     2  startup_tm4c123.o(.text)
    ADC0SS1_Handler                          0x000003b9   Thumb Code     2  startup_tm4c123.o(.text)
    ADC0SS2_Handler                          0x000003bb   Thumb Code     2  startup_tm4c123.o(.text)
    ADC0SS3_Handler                          0x000003bd   Thumb Code     2  startup_tm4c123.o(.text)
    WDT0_Handler                             0x000003bf   Thumb Code     2  startup_tm4c123.o(.text)
    TIMER0A_Handler                          0x000003c1   Thumb Code     2  startup_tm4c123.o(.text)
    TIMER0B_Handler                          0x000003c3   Thumb Code     2  startup_tm4c123.o(.text)
    TIMER1A_Handler                          0x000003c5   Thumb Code     2  startup_tm4c123.o(.text)
    TIMER1B_Handler                          0x000003c7   Thumb Code     2  startup_tm4c123.o(.text)
    TIMER2A_Handler                          0x000003c9   Thumb Code     2  startup_tm4c123.o(.text)
    TIMER2B_Handler                          0x000003cb   Thumb Code     2  startup_tm4c123.o(.text)
    COMP0_Handler                            0x000003cd   Thumb Code     2  startup_tm4c123.o(.text)
    COMP1_Handler                            0x000003cf   Thumb Code     2  startup_tm4c123.o(.text)
    COMP2_Handler                            0x000003d1   Thumb Code     2  startup_tm4c123.o(.text)
    SYSCTL_Handler                           0x000003d3   Thumb Code     2  startup_tm4c123.o(.text)
    FLASH_Handler                            0x000003d5   Thumb Code     2  startup_tm4c123.o(.text)
    GPIOF_Handler                            0x000003d7   Thumb Code     2  startup_tm4c123.o(.text)
    GPIOG_Handler                            0x000003d9   Thumb Code     2  startup_tm4c123.o(.text)
    GPIOH_Handler                            0x000003db   Thumb Code     2  startup_tm4c123.o(.text)
    UART2_Handler                            0x000003dd   Thumb Code     2  startup_tm4c123.o(.text)
    SSI1_Handler                             0x000003df   Thumb Code     2  startup_tm4c123.o(.text)
    TIMER3A_Handler                          0x000003e1   Thumb Code     2  startup_tm4c123.o(.text)
    TIMER3B_Handler                          0x000003e3   Thumb Code     2  startup_tm4c123.o(.text)
    I2C1_Handler                             0x000003e5   Thumb Code     2  startup_tm4c123.o(.text)
    QEI1_Handler                             0x000003e7   Thumb Code     2  startup_tm4c123.o(.text)
    CAN0_Handler                             0x000003e9   Thumb Code     2  startup_tm4c123.o(.text)
    CAN1_Handler                             0x000003eb   Thumb Code     2  startup_tm4c123.o(.text)
    CAN2_Handler                             0x000003ed   Thumb Code     2  startup_tm4c123.o(.text)
    HIB_Handler                              0x000003ef   Thumb Code     2  startup_tm4c123.o(.text)
    USB0_Handler                             0x000003f1   Thumb Code     2  startup_tm4c123.o(.text)
    PWM0_3_Handler                           0x000003f3   Thumb Code     2  startup_tm4c123.o(.text)
    UDMA_Handler                             0x000003f5   Thumb Code     2  startup_tm4c123.o(.text)
    UDMAERR_Handler                          0x000003f7   Thumb Code     2  startup_tm4c123.o(.text)
    ADC1SS0_Handler                          0x000003f9   Thumb Code     2  startup_tm4c123.o(.text)
    ADC1SS1_Handler                          0x000003fb   Thumb Code     2  startup_tm4c123.o(.text)
    ADC1SS2_Handler                          0x000003fd   Thumb Code     2  startup_tm4c123.o(.text)
    ADC1SS3_Handler                          0x000003ff   Thumb Code     2  startup_tm4c123.o(.text)
    GPIOJ_Handler                            0x00000401   Thumb Code     2  startup_tm4c123.o(.text)
    GPIOK_Handler                            0x00000403   Thumb Code     2  startup_tm4c123.o(.text)
    GPIOL_Handler                            0x00000405   Thumb Code     2  startup_tm4c123.o(.text)
    SSI2_Handler                             0x00000407   Thumb Code     2  startup_tm4c123.o(.text)
    SSI3_Handler                             0x00000409   Thumb Code     2  startup_tm4c123.o(.text)
    UART3_Handler                            0x0000040b   Thumb Code     2  startup_tm4c123.o(.text)
    UART4_Handler                            0x0000040d   Thumb Code     2  startup_tm4c123.o(.text)
    UART5_Handler                            0x0000040f   Thumb Code     2  startup_tm4c123.o(.text)
    UART6_Handler                            0x00000411   Thumb Code     2  startup_tm4c123.o(.text)
    UART7_Handler                            0x00000413   Thumb Code     2  startup_tm4c123.o(.text)
    I2C2_Handler                             0x00000415   Thumb Code     2  startup_tm4c123.o(.text)
    I2C3_Handler                             0x00000417   Thumb Code     2  startup_tm4c123.o(.text)
    TIMER4A_Handler                          0x00000419   Thumb Code     2  startup_tm4c123.o(.text)
    TIMER4B_Handler                          0x0000041b   Thumb Code     2  startup_tm4c123.o(.text)
    TIMER5A_Handler                          0x0000041d   Thumb Code     2  startup_tm4c123.o(.text)
    TIMER5B_Handler                          0x0000041f   Thumb Code     2  startup_tm4c123.o(.text)
    WTIMER0A_Handler                         0x00000421   Thumb Code     2  startup_tm4c123.o(.text)
    WTIMER0B_Handler                         0x00000423   Thumb Code     2  startup_tm4c123.o(.text)
    WTIMER1A_Handler                         0x00000425   Thumb Code     2  startup_tm4c123.o(.text)
    WTIMER1B_Handler                         0x00000427   Thumb Code     2  startup_tm4c123.o(.text)
    WTIMER2A_Handler                         0x00000429   Thumb Code     2  startup_tm4c123.o(.text)
    WTIMER2B_Handler                         0x0000042b   Thumb Code     2  startup_tm4c123.o(.text)
    WTIMER3A_Handler                         0x0000042d   Thumb Code     2  startup_tm4c123.o(.text)
    WTIMER3B_Handler                         0x0000042f   Thumb Code     2  startup_tm4c123.o(.text)
    WTIMER4A_Handler                         0x00000431   Thumb Code     2  startup_tm4c123.o(.text)
    WTIMER4B_Handler                         0x00000433   Thumb Code     2  startup_tm4c123.o(.text)
    WTIMER5A_Handler                         0x00000435   Thumb Code     2  startup_tm4c123.o(.text)
    WTIMER5B_Handler                         0x00000437   Thumb Code     2  startup_tm4c123.o(.text)
    FPU_Handler                              0x00000439   Thumb Code     2  startup_tm4c123.o(.text)
    I2C4_Handler                             0x0000043b   Thumb Code     2  startup_tm4c123.o(.text)
    I2C5_Handler                             0x0000043d   Thumb Code     2  startup_tm4c123.o(.text)
    GPIOM_Handler                            0x0000043f   Thumb Code     2  startup_tm4c123.o(.text)
    GPION_Handler                            0x00000441   Thumb Code     2  startup_tm4c123.o(.text)
    QEI2_Handler                             0x00000443   Thumb Code     2  startup_tm4c123.o(.text)
    GPIOP0_Handler                           0x00000445   Thumb Code     2  startup_tm4c123.o(.text)
    GPIOP1_Handler                           0x00000447   Thumb Code     2  startup_tm4c123.o(.text)
    GPIOP2_Handler                           0x00000449   Thumb Code     2  startup_tm4c123.o(.text)
    GPIOP3_Handler                           0x0000044b   Thumb Code     2  startup_tm4c123.o(.text)
    GPIOP4_Handler                           0x0000044d   Thumb Code     2  startup_tm4c123.o(.text)
    GPIOP5_Handler                           0x0000044f   Thumb Code     2  startup_tm4c123.o(.text)
    GPIOP6_Handler                           0x00000451   Thumb Code     2  startup_tm4c123.o(.text)
    GPIOP7_Handler                           0x00000453   Thumb Code     2  startup_tm4c123.o(.text)
    GPIOQ0_Handler                           0x00000455   Thumb Code     2  startup_tm4c123.o(.text)
    GPIOQ1_Handler                           0x00000457   Thumb Code     2  startup_tm4c123.o(.text)
    GPIOQ2_Handler                           0x00000459   Thumb Code     2  startup_tm4c123.o(.text)
    GPIOQ3_Handler                           0x0000045b   Thumb Code     2  startup_tm4c123.o(.text)
    GPIOQ4_Handler                           0x0000045d   Thumb Code     2  startup_tm4c123.o(.text)
    GPIOQ5_Handler                           0x0000045f   Thumb Code     2  startup_tm4c123.o(.text)
    GPIOQ6_Handler                           0x00000461   Thumb Code     2  startup_tm4c123.o(.text)
    GPIOQ7_Handler                           0x00000463   Thumb Code     2  startup_tm4c123.o(.text)
    GPIOR_Handler                            0x00000465   Thumb Code     2  startup_tm4c123.o(.text)
    GPIOS_Handler                            0x00000467   Thumb Code     2  startup_tm4c123.o(.text)
    PMW1_0_Handler                           0x00000469   Thumb Code     2  startup_tm4c123.o(.text)
    PWM1_1_Handler                           0x0000046b   Thumb Code     2  startup_tm4c123.o(.text)
    PWM1_2_Handler                           0x0000046d   Thumb Code     2  startup_tm4c123.o(.text)
    PWM1_3_Handler                           0x0000046f   Thumb Code     2  startup_tm4c123.o(.text)
    PWM1_FAULT_Handler                       0x00000471   Thumb Code     2  startup_tm4c123.o(.text)
    __user_initial_stackheap                 0x00000475   Thumb Code     0  startup_tm4c123.o(.text)
    strlen                                   0x00000495   Thumb Code    62  strlen.o(.text)
    __use_two_region_memory                  0x000004d3   Thumb Code     2  heapauxi.o(.text)
    __rt_heap_escrow$2region                 0x000004d5   Thumb Code     2  heapauxi.o(.text)
    __rt_heap_expand$2region                 0x000004d7   Thumb Code     2  heapauxi.o(.text)
    __user_setup_stackheap                   0x000004d9   Thumb Code    74  sys_stackheap_outer.o(.text)
    exit                                     0x00000523   Thumb Code    18  exit.o(.text)
    __user_libspace                          0x00000535   Thumb Code     8  libspace.o(.text)
    __user_perproc_libspace                  0x00000535   Thumb Code     0  libspace.o(.text)
    __user_perthread_libspace                0x00000535   Thumb Code     0  libspace.o(.text)
    _sys_exit                                0x0000053d   Thumb Code     8  sys_exit.o(.text)
    __I$use$semihosting                      0x00000549   Thumb Code     0  use_no_semi.o(.text)
    __use_no_semihosting_swi                 0x00000549   Thumb Code     2  use_no_semi.o(.text)
    __semihosting_library_function           0x0000054b   Thumb Code     0  indicate_semi.o(.text)
    EduBase_LCD_Clear_Display                0x0000054d   Thumb Code    10  edubase_lcd.o(.text.EduBase_LCD_Clear_Display)
    EduBase_LCD_Disable_Cursor               0x00000559   Thumb Code    30  edubase_lcd.o(.text.EduBase_LCD_Disable_Cursor)
    EduBase_LCD_Disable_Cursor_Blink         0x00000579   Thumb Code    30  edubase_lcd.o(.text.EduBase_LCD_Disable_Cursor_Blink)
    EduBase_LCD_Display_String               0x00000599   Thumb Code    56  edubase_lcd.o(.text.EduBase_LCD_Display_String)
    EduBase_LCD_Enable_Display               0x000005d1   Thumb Code    30  edubase_lcd.o(.text.EduBase_LCD_Enable_Display)
    EduBase_LCD_Init                         0x000005f1   Thumb Code   104  edubase_lcd.o(.text.EduBase_LCD_Init)
    EduBase_LCD_Ports_Init                   0x00000659   Thumb Code   226  edubase_lcd.o(.text.EduBase_LCD_Ports_Init)
    EduBase_LCD_Pulse_Enable                 0x0000073d   Thumb Code    60  edubase_lcd.o(.text.EduBase_LCD_Pulse_Enable)
    EduBase_LCD_Return_Home                  0x00000779   Thumb Code    10  edubase_lcd.o(.text.EduBase_LCD_Return_Home)
    EduBase_LCD_Send_Command                 0x00000785   Thumb Code    70  edubase_lcd.o(.text.EduBase_LCD_Send_Command)
    EduBase_LCD_Send_Data                    0x000007cd   Thumb Code    42  edubase_lcd.o(.text.EduBase_LCD_Send_Data)
    EduBase_LCD_Set_Cursor                   0x000007f9   Thumb Code    80  edubase_lcd.o(.text.EduBase_LCD_Set_Cursor)
    EduBase_LCD_Write_4_Bits                 0x00000849   Thumb Code   114  edubase_lcd.o(.text.EduBase_LCD_Write_4_Bits)
    GPIOE_Handler                            0x000008bd   Thumb Code    64  pmod_btn_interrupt.o(.text.GPIOE_Handler)
    GetTick                                  0x000008fd   Thumb Code    12  systick_delay.o(.text.GetTick)
    PMOD_BTN_Handler                         0x00000909   Thumb Code   404  main.o(.text.PMOD_BTN_Handler)
    PMOD_BTN_Interrupt_Init                  0x00000a9d   Thumb Code   218  pmod_btn_interrupt.o(.text.PMOD_BTN_Interrupt_Init)
    PMOD_BTN_Read                            0x00000b79   Thumb Code    28  pmod_btn_interrupt.o(.text.PMOD_BTN_Read)
    PWM0_0_Init                              0x00000b95   Thumb Code   224  pwm.o(.text.PWM0_0_Init)
    PWM0_3_Init                              0x00000c75   Thumb Code   224  pwm.o(.text.PWM0_3_Init)
    PWM1_0_Init                              0x00000d55   Thumb Code   224  pwm.o(.text.PWM1_0_Init)
    PWM1_3_Init                              0x00000e35   Thumb Code   224  pwm.o(.text.PWM1_3_Init)
    PWM_Clock_Init                           0x00000f15   Thumb Code    34  pwm.o(.text.PWM_Clock_Init)
    PWM_Disable                              0x00000f39   Thumb Code   214  pwm.o(.text.PWM_Disable)
    RGB_LED_Init                             0x000011a9   Thumb Code    82  gpio.o(.text.RGB_LED_Init)
    RGB_LED_Output                           0x000011fd   Thumb Code    32  gpio.o(.text.RGB_LED_Output)
    SysTick_Delay1us                         0x0000121d   Thumb Code    42  systick_delay.o(.text.SysTick_Delay1us)
    SysTick_Delay_Init                       0x00001249   Thumb Code    42  systick_delay.o(.text.SysTick_Delay_Init)
    SysTick_Handler                          0x00001275   Thumb Code    70  systick_delay.o(.text.SysTick_Handler)
    SystemInit                               0x000012bd   Thumb Code   268  system_tm4c123.o(.text.SystemInit)
    UpdateLCDStatus                          0x000013c9   Thumb Code    74  main.o(.text.UpdateLCDStatus)
    main                                     0x00001415   Thumb Code   276  main.o(.text.main)
    _fp_init                                 0x00001529   Thumb Code    26  fpinit.o(x$fpl$fpinit)
    __fplib_config_fpu_vfp                   0x00001541   Thumb Code     0  fpinit.o(x$fpl$fpinit)
    __fplib_config_pureend_doubles           0x00001541   Thumb Code     0  fpinit.o(x$fpl$fpinit)
    Midi_NotePwmPeriods                      0x00001542   Data         240  midi.o(.rodata.Midi_NotePwmPeriods)
    RGB_LED_BLUE                             0x00001632   Data           1  gpio.o(.rodata.RGB_LED_BLUE)
    RGB_LED_OFF                              0x00001633   Data           1  gpio.o(.rodata.RGB_LED_OFF)
    RGB_LED_RED                              0x00001634   Data           1  gpio.o(.rodata.RGB_LED_RED)
    Region$$Table$$Base                      0x00001650   Number         0  anon$$obj.o(Region$$Table)
    Region$$Table$$Limit                     0x00001670   Number         0  anon$$obj.o(Region$$Table)
    midi_tune                                0x20000000   Data           8  midi-tune.o(.data.midi_tune)
    __libspace_start                         0x20003160   Data          96  libspace.o(.bss)
    PMOD_BTN_Task                            0x200031c0   Data           4  pmod_btn_interrupt.o(.bss.PMOD_BTN_Task)
    __temporary_stack_top$libspace           0x200031c0   Data           0  libspace.o(.bss)



==============================================================================

Memory Map of the image

  Image Entry point : 0x00000381

  Load Region LR_1 (Base: 0x00000000, Size: 0x000047cc, Max: 0xffffffff, ABSOLUTE, COMPRESSED[0x000019c0])

    Execution Region ER_RO (Exec base: 0x00000000, Load base: 0x00000000, Size: 0x00001670, Max: 0xffffffff, ABSOLUTE)

    Exec Addr    Load Addr    Size         Type   Attr      Idx    E Section Name        Object

    0x00000000   0x00000000   0x0000026c   Data   RO          179    RESET               startup_tm4c123.o
    0x0000026c   0x0000026c   0x00000008   Code   RO          208  * !!!main             c_w.l(__main.o)
    0x00000274   0x00000274   0x0000005c   Code   RO          547    !!!scatter          c_w.l(__scatter.o)
    0x000002d0   0x000002d0   0x00000064   Code   RO          545    !!dclz77c           c_w.l(__dclz77c.o)
    0x00000334   0x00000334   0x00000002   Code   RO          548    !!handler_null      c_w.l(__scatter.o)
    0x00000336   0x00000336   0x00000002   PAD
    0x00000338   0x00000338   0x0000001c   Code   RO          551    !!handler_zi        c_w.l(__scatter_zi.o)
    0x00000354   0x00000354   0x00000002   Code   RO          393    .ARM.Collect$$libinit$$00000000  c_w.l(libinit.o)
    0x00000356   0x00000356   0x00000004   Code   RO          411    .ARM.Collect$$libinit$$00000001  c_w.l(libinit2.o)
    0x0000035a   0x0000035a   0x00000000   Code   RO          414    .ARM.Collect$$libinit$$00000004  c_w.l(libinit2.o)
    0x0000035a   0x0000035a   0x00000000   Code   RO          416    .ARM.Collect$$libinit$$00000006  c_w.l(libinit2.o)
    0x0000035a   0x0000035a   0x00000000   Code   RO          419    .ARM.Collect$$libinit$$0000000C  c_w.l(libinit2.o)
    0x0000035a   0x0000035a   0x00000000   Code   RO          421    .ARM.Collect$$libinit$$0000000E  c_w.l(libinit2.o)
    0x0000035a   0x0000035a   0x00000000   Code   RO          423    .ARM.Collect$$libinit$$00000010  c_w.l(libinit2.o)
    0x0000035a   0x0000035a   0x00000000   Code   RO          426    .ARM.Collect$$libinit$$00000013  c_w.l(libinit2.o)
    0x0000035a   0x0000035a   0x00000000   Code   RO          428    .ARM.Collect$$libinit$$00000015  c_w.l(libinit2.o)
    0x0000035a   0x0000035a   0x00000000   Code   RO          430    .ARM.Collect$$libinit$$00000017  c_w.l(libinit2.o)
    0x0000035a   0x0000035a   0x00000000   Code   RO          432    .ARM.Collect$$libinit$$00000019  c_w.l(libinit2.o)
    0x0000035a   0x0000035a   0x00000000   Code   RO          434    .ARM.Collect$$libinit$$0000001B  c_w.l(libinit2.o)
    0x0000035a   0x0000035a   0x00000000   Code   RO          436    .ARM.Collect$$libinit$$0000001D  c_w.l(libinit2.o)
    0x0000035a   0x0000035a   0x00000000   Code   RO          438    .ARM.Collect$$libinit$$0000001F  c_w.l(libinit2.o)
    0x0000035a   0x0000035a   0x00000000   Code   RO          440    .ARM.Collect$$libinit$$00000021  c_w.l(libinit2.o)
    0x0000035a   0x0000035a   0x00000000   Code   RO          442    .ARM.Collect$$libinit$$00000023  c_w.l(libinit2.o)
    0x0000035a   0x0000035a   0x00000000   Code   RO          444    .ARM.Collect$$libinit$$00000025  c_w.l(libinit2.o)
    0x0000035a   0x0000035a   0x00000000   Code   RO          446    .ARM.Collect$$libinit$$00000027  c_w.l(libinit2.o)
    0x0000035a   0x0000035a   0x00000000   Code   RO          450    .ARM.Collect$$libinit$$0000002E  c_w.l(libinit2.o)
    0x0000035a   0x0000035a   0x00000000   Code   RO          452    .ARM.Collect$$libinit$$00000030  c_w.l(libinit2.o)
    0x0000035a   0x0000035a   0x00000000   Code   RO          454    .ARM.Collect$$libinit$$00000032  c_w.l(libinit2.o)
    0x0000035a   0x0000035a   0x00000000   Code   RO          456    .ARM.Collect$$libinit$$00000034  c_w.l(libinit2.o)
    0x0000035a   0x0000035a   0x00000002   Code   RO          457    .ARM.Collect$$libinit$$00000035  c_w.l(libinit2.o)
    0x0000035c   0x0000035c   0x00000002   Code   RO          481    .ARM.Collect$$libshutdown$$00000000  c_w.l(libshutdown.o)
    0x0000035e   0x0000035e   0x00000000   Code   RO          496    .ARM.Collect$$libshutdown$$00000002  c_w.l(libshutdown2.o)
    0x0000035e   0x0000035e   0x00000000   Code   RO          498    .ARM.Collect$$libshutdown$$00000004  c_w.l(libshutdown2.o)
    0x0000035e   0x0000035e   0x00000000   Code   RO          501    .ARM.Collect$$libshutdown$$00000007  c_w.l(libshutdown2.o)
    0x0000035e   0x0000035e   0x00000000   Code   RO          504    .ARM.Collect$$libshutdown$$0000000A  c_w.l(libshutdown2.o)
    0x0000035e   0x0000035e   0x00000000   Code   RO          506    .ARM.Collect$$libshutdown$$0000000C  c_w.l(libshutdown2.o)
    0x0000035e   0x0000035e   0x00000000   Code   RO          509    .ARM.Collect$$libshutdown$$0000000F  c_w.l(libshutdown2.o)
    0x0000035e   0x0000035e   0x00000002   Code   RO          510    .ARM.Collect$$libshutdown$$00000010  c_w.l(libshutdown2.o)
    0x00000360   0x00000360   0x00000000   Code   RO          210    .ARM.Collect$$rtentry$$00000000  c_w.l(__rtentry.o)
    0x00000360   0x00000360   0x00000000   Code   RO          311    .ARM.Collect$$rtentry$$00000002  c_w.l(__rtentry2.o)
    0x00000360   0x00000360   0x00000006   Code   RO          323    .ARM.Collect$$rtentry$$00000004  c_w.l(__rtentry4.o)
    0x00000366   0x00000366   0x00000000   Code   RO          313    .ARM.Collect$$rtentry$$00000009  c_w.l(__rtentry2.o)
    0x00000366   0x00000366   0x00000004   Code   RO          314    .ARM.Collect$$rtentry$$0000000A  c_w.l(__rtentry2.o)
    0x0000036a   0x0000036a   0x00000000   Code   RO          316    .ARM.Collect$$rtentry$$0000000C  c_w.l(__rtentry2.o)
    0x0000036a   0x0000036a   0x00000008   Code   RO          317    .ARM.Collect$$rtentry$$0000000D  c_w.l(__rtentry2.o)
    0x00000372   0x00000372   0x00000002   Code   RO          402    .ARM.Collect$$rtexit$$00000000  c_w.l(rtexit.o)
    0x00000374   0x00000374   0x00000000   Code   RO          459    .ARM.Collect$$rtexit$$00000002  c_w.l(rtexit2.o)
    0x00000374   0x00000374   0x00000004   Code   RO          460    .ARM.Collect$$rtexit$$00000003  c_w.l(rtexit2.o)
    0x00000378   0x00000378   0x00000006   Code   RO          461    .ARM.Collect$$rtexit$$00000004  c_w.l(rtexit2.o)
    0x0000037e   0x0000037e   0x00000002   PAD
    0x00000380   0x00000380   0x00000114   Code   RO          180  * .text               startup_tm4c123.o
    0x00000494   0x00000494   0x0000003e   Code   RO          204    .text               c_w.l(strlen.o)
    0x000004d2   0x000004d2   0x00000006   Code   RO          206    .text               c_w.l(heapauxi.o)
    0x000004d8   0x000004d8   0x0000004a   Code   RO          345    .text               c_w.l(sys_stackheap_outer.o)
    0x00000522   0x00000522   0x00000012   Code   RO          386    .text               c_w.l(exit.o)
    0x00000534   0x00000534   0x00000008   Code   RO          399    .text               c_w.l(libspace.o)
    0x0000053c   0x0000053c   0x0000000c   Code   RO          471    .text               c_w.l(sys_exit.o)
    0x00000548   0x00000548   0x00000002   Code   RO          486    .text               c_w.l(use_no_semi.o)
    0x0000054a   0x0000054a   0x00000000   Code   RO          488    .text               c_w.l(indicate_semi.o)
    0x0000054a   0x0000054a   0x00000002   PAD
    0x0000054c   0x0000054c   0x0000000a   Code   RO          124    .text.EduBase_LCD_Clear_Display  edubase_lcd.o
    0x00000556   0x00000556   0x00000002   PAD
    0x00000558   0x00000558   0x0000001e   Code   RO          128    .text.EduBase_LCD_Disable_Cursor  edubase_lcd.o
    0x00000576   0x00000576   0x00000002   PAD
    0x00000578   0x00000578   0x0000001e   Code   RO          126    .text.EduBase_LCD_Disable_Cursor_Blink  edubase_lcd.o
    0x00000596   0x00000596   0x00000002   PAD
    0x00000598   0x00000598   0x00000038   Code   RO          148    .text.EduBase_LCD_Display_String  edubase_lcd.o
    0x000005d0   0x000005d0   0x0000001e   Code   RO          120    .text.EduBase_LCD_Enable_Display  edubase_lcd.o
    0x000005ee   0x000005ee   0x00000002   PAD
    0x000005f0   0x000005f0   0x00000068   Code   RO          118    .text.EduBase_LCD_Init  edubase_lcd.o
    0x00000658   0x00000658   0x000000e2   Code   RO          108    .text.EduBase_LCD_Ports_Init  edubase_lcd.o
    0x0000073a   0x0000073a   0x00000002   PAD
    0x0000073c   0x0000073c   0x0000003c   Code   RO          110    .text.EduBase_LCD_Pulse_Enable  edubase_lcd.o
    0x00000778   0x00000778   0x0000000a   Code   RO          122    .text.EduBase_LCD_Return_Home  edubase_lcd.o
    0x00000782   0x00000782   0x00000002   PAD
    0x00000784   0x00000784   0x00000046   Code   RO          114    .text.EduBase_LCD_Send_Command  edubase_lcd.o
    0x000007ca   0x000007ca   0x00000002   PAD
    0x000007cc   0x000007cc   0x0000002a   Code   RO          116    .text.EduBase_LCD_Send_Data  edubase_lcd.o
    0x000007f6   0x000007f6   0x00000002   PAD
    0x000007f8   0x000007f8   0x00000050   Code   RO          130    .text.EduBase_LCD_Set_Cursor  edubase_lcd.o
    0x00000848   0x00000848   0x00000072   Code   RO          112    .text.EduBase_LCD_Write_4_Bits  edubase_lcd.o
    0x000008ba   0x000008ba   0x00000002   PAD
    0x000008bc   0x000008bc   0x00000040   Code   RO           45    .text.GPIOE_Handler  pmod_btn_interrupt.o
    0x000008fc   0x000008fc   0x0000000c   Code   RO           63    .text.GetTick       systick_delay.o
    0x00000908   0x00000908   0x00000194   Code   RO            4    .text.PMOD_BTN_Handler  main.o
    0x00000a9c   0x00000a9c   0x000000da   Code   RO           41    .text.PMOD_BTN_Interrupt_Init  pmod_btn_interrupt.o
    0x00000b76   0x00000b76   0x00000002   PAD
    0x00000b78   0x00000b78   0x0000001c   Code   RO           43    .text.PMOD_BTN_Read  pmod_btn_interrupt.o
    0x00000b94   0x00000b94   0x000000e0   Code   RO           77    .text.PWM0_0_Init   pwm.o
    0x00000c74   0x00000c74   0x000000e0   Code   RO           81    .text.PWM0_3_Init   pwm.o
    0x00000d54   0x00000d54   0x000000e0   Code   RO           85    .text.PWM1_0_Init   pwm.o
    0x00000e34   0x00000e34   0x000000e0   Code   RO           89    .text.PWM1_3_Init   pwm.o
    0x00000f14   0x00000f14   0x00000022   Code   RO           75    .text.PWM_Clock_Init  pwm.o
    0x00000f36   0x00000f36   0x00000002   PAD
    0x00000f38   0x00000f38   0x000000d6   Code   RO           93    .text.PWM_Disable   pwm.o
    0x0000100e   0x0000100e   0x00000002   PAD
    0x00001010   0x00001010   0x00000196   Code   RO            8    .text.ProcessTracks  main.o
    0x000011a6   0x000011a6   0x00000002   PAD
    0x000011a8   0x000011a8   0x00000052   Code   RO           22    .text.RGB_LED_Init  gpio.o
    0x000011fa   0x000011fa   0x00000002   PAD
    0x000011fc   0x000011fc   0x00000020   Code   RO           24    .text.RGB_LED_Output  gpio.o
    0x0000121c   0x0000121c   0x0000002a   Code   RO           57    .text.SysTick_Delay1us  systick_delay.o
    0x00001246   0x00001246   0x00000002   PAD
    0x00001248   0x00001248   0x0000002a   Code   RO           55    .text.SysTick_Delay_Init  systick_delay.o
    0x00001272   0x00001272   0x00000002   PAD
    0x00001274   0x00001274   0x00000046   Code   RO           61    .text.SysTick_Handler  systick_delay.o
    0x000012ba   0x000012ba   0x00000002   PAD
    0x000012bc   0x000012bc   0x0000010c   Code   RO          191    .text.SystemInit    system_tm4c123.o
    0x000013c8   0x000013c8   0x0000004a   Code   RO            6    .text.UpdateLCDStatus  main.o
    0x00001412   0x00001412   0x00000002   PAD
    0x00001414   0x00001414   0x00000114   Code   RO            2    .text.main          main.o
    0x00001528   0x00001528   0x0000001a   Code   RO          469    x$fpl$fpinit        fz_wm.l(fpinit.o)
    0x00001542   0x00001542   0x000000f0   Data   RO          102    .rodata.Midi_NotePwmPeriods  midi.o
    0x00001632   0x00001632   0x00000001   Data   RO           30    .rodata.RGB_LED_BLUE  gpio.o
    0x00001633   0x00001633   0x00000001   Data   RO           28    .rodata.RGB_LED_OFF  gpio.o
    0x00001634   0x00001634   0x00000001   Data   RO           29    .rodata.RGB_LED_RED  gpio.o
    0x00001635   0x00001635   0x00000019   Data   RO           13    .rodata.str1.1      main.o
    0x0000164e   0x0000164e   0x00000002   PAD
    0x00001650   0x00001650   0x00000020   Data   RO          544    Region$$Table       anon$$obj.o


    Execution Region ER_RW (Exec base: 0x20000000, Load base: 0x00001670, Size: 0x0000315c, Max: 0xffffffff, ABSOLUTE, COMPRESSED[0x00000350])

    Exec Addr    Load Addr    Size         Type   Attr      Idx    E Section Name        Object

    0x20000000   COMPRESSED   0x00000008   Data   RW          167    .data.midi_tune     midi-tune.o
    0x20000008   COMPRESSED   0x00000906   Data   RW          168    .data.track1Notes_  midi-tune.o
    0x2000090e   COMPRESSED   0x00000906   Data   RW          169    .data.track2Notes_  midi-tune.o
    0x20001214   COMPRESSED   0x00001206   Data   RW          170    .data.track3Notes_  midi-tune.o
    0x2000241a   COMPRESSED   0x00000cd2   Data   RW          171    .data.track4Notes_  midi-tune.o
    0x200030ec   COMPRESSED   0x00000060   Data   RW           10    .data.trackStates_  main.o
    0x2000314c   COMPRESSED   0x00000010   Data   RW          166    .data.tracks_       midi-tune.o


    Execution Region ER_ZI (Exec base: 0x20003160, Load base: 0x000019c0, Size: 0x00000270, Max: 0xffffffff, ABSOLUTE)

    Exec Addr    Load Addr    Size         Type   Attr      Idx    E Section Name        Object

    0x20003160        -       0x00000060   Zero   RW          400    .bss                c_w.l(libspace.o)
    0x200031c0        -       0x00000004   Zero   RW           47    .bss.PMOD_BTN_Task  pmod_btn_interrupt.o
    0x200031c4        -       0x00000001   Zero   RW          156    .bss.display_control  edubase_lcd.o
    0x200031c5        -       0x00000001   Zero   RW           12    .bss.isPlaying_     main.o
    0x200031c6        -       0x00000001   Zero   RW           11    .bss.lcd_needs_update  main.o
    0x200031c7        -       0x00000001   Zero   RW           67    .bss.ms_active      systick_delay.o
    0x200031c8        -       0x00000004   Zero   RW           66    .bss.ms_elapsed     systick_delay.o
    0x200031cc        -       0x00000004   Zero   RW           65    .bss.us_elapsed     systick_delay.o
    0x200031d0        -       0x00000000   Zero   RW          178    HEAP                startup_tm4c123.o
    0x200031d0        -       0x00000200   Zero   RW          177    STACK               startup_tm4c123.o


==============================================================================

Image component sizes


      Code (inc. data)   RO Data    RW Data    ZI Data      Debug   Object Name

       862          0          0          0          1      10071   edubase_lcd.o
       114          0          3          0          0       5990   gpio.o
      1160         30         25         96          2       3109   main.o
         0          0          0      12540          0       1010   midi-tune.o
         0          0        240          0          0        446   midi.o
       310          0          0          0          4       6340   pmod_btn_interrupt.o
      1144          0          0          0          0       9207   pwm.o
       276         24        620          0        512       5464   startup_tm4c123.o
       268          0          0          0          0       6729   system_tm4c123.o
       166          0          0          0          9       1361   systick_delay.o

    ----------------------------------------------------------------------
      4336         54        922      12636        528      49727   Object Totals
         0          0         32          0          0          0   (incl. Generated)
        36          0          2          0          0          0   (incl. Padding)

    ----------------------------------------------------------------------

      Code (inc. data)   RO Data    RW Data    ZI Data      Debug   Library Member Name

       100          0          0          0          0          0   __dclz77c.o
         8          0          0          0          0         68   __main.o
         0          0          0          0          0          0   __rtentry.o
        12          0          0          0          0          0   __rtentry2.o
         6          0          0          0          0          0   __rtentry4.o
        94          8          0          0          0          0   __scatter.o
        28          0          0          0          0          0   __scatter_zi.o
        18          0          0          0          0         80   exit.o
         6          0          0          0          0        152   heapauxi.o
         0          0          0          0          0          0   indicate_semi.o
         2          0          0          0          0          0   libinit.o
         6          0          0          0          0          0   libinit2.o
         2          0          0          0          0          0   libshutdown.o
         2          0          0          0          0          0   libshutdown2.o
         8          4          0          0         96         68   libspace.o
         2          0          0          0          0          0   rtexit.o
        10          0          0          0          0          0   rtexit2.o
        62          0          0          0          0         76   strlen.o
        12          4          0          0          0         68   sys_exit.o
        74          0          0          0          0         80   sys_stackheap_outer.o
         2          0          0          0          0         68   use_no_semi.o
        26          0          0          0          0        116   fpinit.o

    ----------------------------------------------------------------------
       486         16          0          0         96        776   Library Totals
         6          0          0          0          0          0   (incl. Padding)

    ----------------------------------------------------------------------

      Code (inc. data)   RO Data    RW Data    ZI Data      Debug   Library Name

       454         16          0          0         96        660   c_w.l
        26          0          0          0          0        116   fz_wm.l

    ----------------------------------------------------------------------
       486         16          0          0         96        776   Library Totals

    ----------------------------------------------------------------------

==============================================================================


      Code (inc. data)   RO Data    RW Data    ZI Data      Debug   

      4822         70        922      12636        624      50243   Grand Totals
      4822         70        922        848        624      50243   ELF Image Totals (compressed)
      4822         70        922        848          0          0   ROM Totals

==============================================================================

    Total RO  Size (Code + RO Data)                 5744 (   5.61kB)
    Total RW  Size (RW Data + ZI Data)             13260 (  12.95kB)
    Total ROM Size (Code + RO Data + RW Data)       6592 (   6.44kB)

==============================================================================

